22:21:54 **** Build of project midterm_1_bsp_0 ****
make -k all 
"Running Make include in ps7_cortexa9_0/libsrc/coresightps_dcc_v1_4/src"
make -C ps7_cortexa9_0/libsrc/coresightps_dcc_v1_4/src -s include  "SHELL=CMD" "COMPILER=arm-none-eabi-gcc" "ARCHIVER=arm-none-eabi-ar" "COMPILER_FLAGS=  -O2 -c" "EXTRA_COMPILER_FLAGS=-mcpu=cortex-a9 -mfpu=vfpv3 -mfloat-abi=hard -nostartfiles -g -Wall -Wextra"
"Running Make include in ps7_cortexa9_0/libsrc/cpu_cortexa9_v2_7/src"
make -C ps7_cortexa9_0/libsrc/cpu_cortexa9_v2_7/src -s include  "SHELL=CMD" "COMPILER=arm-none-eabi-gcc" "ARCHIVER=arm-none-eabi-ar" "COMPILER_FLAGS=  -O2 -c" "EXTRA_COMPILER_FLAGS=-mcpu=cortex-a9 -mfpu=vfpv3 -mfloat-abi=hard -nostartfiles -g -Wall -Wextra"
"Running Make include in ps7_cortexa9_0/libsrc/ddrps_v1_0/src"
make -C ps7_cortexa9_0/libsrc/ddrps_v1_0/src -s include  "SHELL=CMD" "COMPILER=arm-none-eabi-gcc" "ARCHIVER=arm-none-eabi-ar" "COMPILER_FLAGS=  -O2 -c" "EXTRA_COMPILER_FLAGS=-mcpu=cortex-a9 -mfpu=vfpv3 -mfloat-abi=hard -nostartfiles -g -Wall -Wextra"
"Running Make include in ps7_cortexa9_0/libsrc/devcfg_v3_5/src"
make -C ps7_cortexa9_0/libsrc/devcfg_v3_5/src -s include  "SHELL=CMD" "COMPILER=arm-none-eabi-gcc" "ARCHIVER=arm-none-eabi-ar" "COMPILER_FLAGS=  -O2 -c" "EXTRA_COMPILER_FLAGS=-mcpu=cortex-a9 -mfpu=vfpv3 -mfloat-abi=hard -nostartfiles -g -Wall -Wextra"
"Running Make include in ps7_cortexa9_0/libsrc/dmaps_v2_4/src"
make -C ps7_cortexa9_0/libsrc/dmaps_v2_4/src -s include  "SHELL=CMD" "COMPILER=arm-none-eabi-gcc" "ARCHIVER=arm-none-eabi-ar" "COMPILER_FLAGS=  -O2 -c" "EXTRA_COMPILER_FLAGS=-mcpu=cortex-a9 -mfpu=vfpv3 -mfloat-abi=hard -nostartfiles -g -Wall -Wextra"
"Running Make include in ps7_cortexa9_0/libsrc/gpio_v4_3/src"
make -C ps7_cortexa9_0/libsrc/gpio_v4_3/src -s include  "SHELL=CMD" "COMPILER=arm-none-eabi-gcc" "ARCHIVER=arm-none-eabi-ar" "COMPILER_FLAGS=  -O2 -c" "EXTRA_COMPILER_FLAGS=-mcpu=cortex-a9 -mfpu=vfpv3 -mfloat-abi=hard -nostartfiles -g -Wall -Wextra"
"Running Make include in ps7_cortexa9_0/libsrc/scugic_v3_10/src"
make -C ps7_cortexa9_0/libsrc/scugic_v3_10/src -s include  "SHELL=CMD" "COMPILER=arm-none-eabi-gcc" "ARCHIVER=arm-none-eabi-ar" "COMPILER_FLAGS=  -O2 -c" "EXTRA_COMPILER_FLAGS=-mcpu=cortex-a9 -mfpu=vfpv3 -mfloat-abi=hard -nostartfiles -g -Wall -Wextra"
"Running Make include in ps7_cortexa9_0/libsrc/scutimer_v2_1/src"
make -C ps7_cortexa9_0/libsrc/scutimer_v2_1/src -s include  "SHELL=CMD" "COMPILER=arm-none-eabi-gcc" "ARCHIVER=arm-none-eabi-ar" "COMPILER_FLAGS=  -O2 -c" "EXTRA_COMPILER_FLAGS=-mcpu=cortex-a9 -mfpu=vfpv3 -mfloat-abi=hard -nostartfiles -g -Wall -Wextra"
"Running Make include in ps7_cortexa9_0/libsrc/scuwdt_v2_1/src"
make -C ps7_cortexa9_0/libsrc/scuwdt_v2_1/src -s include  "SHELL=CMD" "COMPILER=arm-none-eabi-gcc" "ARCHIVER=arm-none-eabi-ar" "COMPILER_FLAGS=  -O2 -c" "EXTRA_COMPILER_FLAGS=-mcpu=cortex-a9 -mfpu=vfpv3 -mfloat-abi=hard -nostartfiles -g -Wall -Wextra"
"Running Make include in ps7_cortexa9_0/libsrc/standalone_v6_8/src"
make -C ps7_cortexa9_0/libsrc/standalone_v6_8/src -s include  "SHELL=CMD" "COMPILER=arm-none-eabi-gcc" "ARCHIVER=arm-none-eabi-ar" "COMPILER_FLAGS=  -O2 -c" "EXTRA_COMPILER_FLAGS=-mcpu=cortex-a9 -mfpu=vfpv3 -mfloat-abi=hard -nostartfiles -g -Wall -Wextra"
"Running Make include in ps7_cortexa9_0/libsrc/uartps_v3_7/src"
make -C ps7_cortexa9_0/libsrc/uartps_v3_7/src -s include  "SHELL=CMD" "COMPILER=arm-none-eabi-gcc" "ARCHIVER=arm-none-eabi-ar" "COMPILER_FLAGS=  -O2 -c" "EXTRA_COMPILER_FLAGS=-mcpu=cortex-a9 -mfpu=vfpv3 -mfloat-abi=hard -nostartfiles -g -Wall -Wextra"
"Running Make include in ps7_cortexa9_0/libsrc/xadcps_v2_3/src"
make -C ps7_cortexa9_0/libsrc/xadcps_v2_3/src -s include  "SHELL=CMD" "COMPILER=arm-none-eabi-gcc" "ARCHIVER=arm-none-eabi-ar" "COMPILER_FLAGS=  -O2 -c" "EXTRA_COMPILER_FLAGS=-mcpu=cortex-a9 -mfpu=vfpv3 -mfloat-abi=hard -nostartfiles -g -Wall -Wextra"
"Running Make libs in ps7_cortexa9_0/libsrc/coresightps_dcc_v1_4/src"
make -C ps7_cortexa9_0/libsrc/coresightps_dcc_v1_4/src -s libs  "SHELL=CMD" "COMPILER=arm-none-eabi-gcc" "ARCHIVER=arm-none-eabi-ar" "COMPILER_FLAGS=  -O2 -c" "EXTRA_COMPILER_FLAGS=-mcpu=cortex-a9 -mfpu=vfpv3 -mfloat-abi=hard -nostartfiles -g -Wall -Wextra"
"Compiling coresightps_dcc"
arm-none-eabi-ar: creating ../../../lib/libxil.a
"Running Make libs in ps7_cortexa9_0/libsrc/cpu_cortexa9_v2_7/src"
make -C ps7_cortexa9_0/libsrc/cpu_cortexa9_v2_7/src -s libs  "SHELL=CMD" "COMPILER=arm-none-eabi-gcc" "ARCHIVER=arm-none-eabi-ar" "COMPILER_FLAGS=  -O2 -c" "EXTRA_COMPILER_FLAGS=-mcpu=cortex-a9 -mfpu=vfpv3 -mfloat-abi=hard -nostartfiles -g -Wall -Wextra"
"Compiling cpu_cortexa9"
"Running Make libs in ps7_cortexa9_0/libsrc/ddrps_v1_0/src"
make -C ps7_cortexa9_0/libsrc/ddrps_v1_0/src -s libs  "SHELL=CMD" "COMPILER=arm-none-eabi-gcc" "ARCHIVER=arm-none-eabi-ar" "COMPILER_FLAGS=  -O2 -c" "EXTRA_COMPILER_FLAGS=-mcpu=cortex-a9 -mfpu=vfpv3 -mfloat-abi=hard -nostartfiles -g -Wall -Wextra"
"Compiling ddrps"
"Running Make libs in ps7_cortexa9_0/libsrc/devcfg_v3_5/src"
make -C ps7_cortexa9_0/libsrc/devcfg_v3_5/src -s libs  "SHELL=CMD" "COMPILER=arm-none-eabi-gcc" "ARCHIVER=arm-none-eabi-ar" "COMPILER_FLAGS=  -O2 -c" "EXTRA_COMPILER_FLAGS=-mcpu=cortex-a9 -mfpu=vfpv3 -mfloat-abi=hard -nostartfiles -g -Wall -Wextra"
"Compiling devcfg"
"Running Make libs in ps7_cortexa9_0/libsrc/dmaps_v2_4/src"
make -C ps7_cortexa9_0/libsrc/dmaps_v2_4/src -s libs  "SHELL=CMD" "COMPILER=arm-none-eabi-gcc" "ARCHIVER=arm-none-eabi-ar" "COMPILER_FLAGS=  -O2 -c" "EXTRA_COMPILER_FLAGS=-mcpu=cortex-a9 -mfpu=vfpv3 -mfloat-abi=hard -nostartfiles -g -Wall -Wextra"
"Compiling dmaps"
"Running Make libs in ps7_cortexa9_0/libsrc/gpio_v4_3/src"
make -C ps7_cortexa9_0/libsrc/gpio_v4_3/src -s libs  "SHELL=CMD" "COMPILER=arm-none-eabi-gcc" "ARCHIVER=arm-none-eabi-ar" "COMPILER_FLAGS=  -O2 -c" "EXTRA_COMPILER_FLAGS=-mcpu=cortex-a9 -mfpu=vfpv3 -mfloat-abi=hard -nostartfiles -g -Wall -Wextra"
"Compiling gpio"
"Running Make libs in ps7_cortexa9_0/libsrc/scugic_v3_10/src"
make -C ps7_cortexa9_0/libsrc/scugic_v3_10/src -s libs  "SHELL=CMD" "COMPILER=arm-none-eabi-gcc" "ARCHIVER=arm-none-eabi-ar" "COMPILER_FLAGS=  -O2 -c" "EXTRA_COMPILER_FLAGS=-mcpu=cortex-a9 -mfpu=vfpv3 -mfloat-abi=hard -nostartfiles -g -Wall -Wextra"
"Compiling scugic"
"Running Make libs in ps7_cortexa9_0/libsrc/scutimer_v2_1/src"
make -C ps7_cortexa9_0/libsrc/scutimer_v2_1/src -s libs  "SHELL=CMD" "COMPILER=arm-none-eabi-gcc" "ARCHIVER=arm-none-eabi-ar" "COMPILER_FLAGS=  -O2 -c" "EXTRA_COMPILER_FLAGS=-mcpu=cortex-a9 -mfpu=vfpv3 -mfloat-abi=hard -nostartfiles -g -Wall -Wextra"
"Compiling scutimer"
"Running Make libs in ps7_cortexa9_0/libsrc/scuwdt_v2_1/src"
make -C ps7_cortexa9_0/libsrc/scuwdt_v2_1/src -s libs  "SHELL=CMD" "COMPILER=arm-none-eabi-gcc" "ARCHIVER=arm-none-eabi-ar" "COMPILER_FLAGS=  -O2 -c" "EXTRA_COMPILER_FLAGS=-mcpu=cortex-a9 -mfpu=vfpv3 -mfloat-abi=hard -nostartfiles -g -Wall -Wextra"
"Compiling scuwdt"
"Running Make libs in ps7_cortexa9_0/libsrc/standalone_v6_8/src"
make -C ps7_cortexa9_0/libsrc/standalone_v6_8/src -s libs  "SHELL=CMD" "COMPILER=arm-none-eabi-gcc" "ARCHIVER=arm-none-eabi-ar" "COMPILER_FLAGS=  -O2 -c" "EXTRA_COMPILER_FLAGS=-mcpu=cortex-a9 -mfpu=vfpv3 -mfloat-abi=hard -nostartfiles -g -Wall -Wextra"
"Compiling standalone"
In file included from usleep.c:56:0:
xtime_l.h:87:9: note: #pragma message: For the sleep routines, Global timer is being used
 #pragma message ("For the sleep routines, Global timer is being used")
         ^~~~~~~
In file included from xil_sleeptimer.c:51:0:
xtime_l.h:87:9: note: #pragma message: For the sleep routines, Global timer is being used
 #pragma message ("For the sleep routines, Global timer is being used")
         ^~~~~~~
In file included from xtime_l.c:49:0:
xtime_l.h:87:9: note: #pragma message: For the sleep routines, Global timer is being used
 #pragma message ("For the sleep routines, Global timer is being used")
         ^~~~~~~
In file included from sleep.c:53:0:
xtime_l.h:87:9: note: #pragma message: For the sleep routines, Global timer is being used
 #pragma message ("For the sleep routines, Global timer is being used")
         ^~~~~~~
"Running Make libs in ps7_cortexa9_0/libsrc/uartps_v3_7/src"
make -C ps7_cortexa9_0/libsrc/uartps_v3_7/src -s libs  "SHELL=CMD" "COMPILER=arm-none-eabi-gcc" "ARCHIVER=arm-none-eabi-ar" "COMPILER_FLAGS=  -O2 -c" "EXTRA_COMPILER_FLAGS=-mcpu=cortex-a9 -mfpu=vfpv3 -mfloat-abi=hard -nostartfiles -g -Wall -Wextra"
"Compiling uartps"
"Running Make libs in ps7_cortexa9_0/libsrc/xadcps_v2_3/src"
make -C ps7_cortexa9_0/libsrc/xadcps_v2_3/src -s libs  "SHELL=CMD" "COMPILER=arm-none-eabi-gcc" "ARCHIVER=arm-none-eabi-ar" "COMPILER_FLAGS=  -O2 -c" "EXTRA_COMPILER_FLAGS=-mcpu=cortex-a9 -mfpu=vfpv3 -mfloat-abi=hard -nostartfiles -g -Wall -Wextra"
"Compiling xadcps"
'Finished building libraries'

**** Build of configuration Debug for project Midterm_1_App ****

Nothing to build for project Midterm_1_App
22:25:48 **** Auto Build of configuration Debug for project Midterm_1_App ****
make pre-build main-build 
a9-linaro-pre-build-step
' '
'Building file: ../src/midterm_1.c'
'Invoking: ARM v7 gcc compiler'
arm-none-eabi-gcc -Wall -O0 -g3 -c -fmessage-length=0 -MT"src/midterm_1.o" -mcpu=cortex-a9 -mfpu=vfpv3 -mfloat-abi=hard -I../../midterm_1_bsp_0/ps7_cortexa9_0/include -MMD -MP -MF"src/midterm_1.d" -MT"src/midterm_1.o" -o "src/midterm_1.o" "../src/midterm_1.c"
'Finished building: ../src/midterm_1.c'
' '
'Building target: Midterm_1_App.elf'
'Invoking: ARM v7 gcc linker'
arm-none-eabi-gcc -mcpu=cortex-a9 -mfpu=vfpv3 -mfloat-abi=hard -Wl,-build-id=none -specs=Xilinx.spec -Wl,-T -Wl,../src/lscript.ld -L../../midterm_1_bsp_0/ps7_cortexa9_0/lib -o "Midterm_1_App.elf"  ./src/midterm_1.o   -Wl,--start-group,-lxil,-lgcc,-lc,--end-group
../../midterm_1_bsp_0/ps7_cortexa9_0/lib\libxil.a(xil-crt0.o): In function `_start':
D:\CSULB_Classes\CECS_461\Mideterm_1_Review\midterm_1_practice\midterm_1_practice.sdk\midterm_1_bsp_0\ps7_cortexa9_0\libsrc\standalone_v6_8\src/xil-crt0.S:138: undefined reference to `main'
collect2.exe: error: ld returned 1 exit status
make: *** [makefile:41: Midterm_1_App.elf] Error 1
22:26:40 **** Auto Build of configuration Debug for project Midterm_1_App ****
make pre-build main-build 
a9-linaro-pre-build-step
' '
'Building file: ../src/midterm_1.c'
'Invoking: ARM v7 gcc compiler'
arm-none-eabi-gcc -Wall -O0 -g3 -c -fmessage-length=0 -MT"src/midterm_1.o" -mcpu=cortex-a9 -mfpu=vfpv3 -mfloat-abi=hard -I../../midterm_1_bsp_0/ps7_cortexa9_0/include -MMD -MP -MF"src/midterm_1.d" -MT"src/midterm_1.o" -o "src/midterm_1.o" "../src/midterm_1.c"
'Finished building: ../src/midterm_1.c'
' '
'Building target: Midterm_1_App.elf'
'Invoking: ARM v7 gcc linker'
arm-none-eabi-gcc -mcpu=cortex-a9 -mfpu=vfpv3 -mfloat-abi=hard -Wl,-build-id=none -specs=Xilinx.spec -Wl,-T -Wl,../src/lscript.ld -L../../midterm_1_bsp_0/ps7_cortexa9_0/lib -o "Midterm_1_App.elf"  ./src/midterm_1.o   -Wl,--start-group,-lxil,-lgcc,-lc,--end-group
../../midterm_1_bsp_0/ps7_cortexa9_0/lib\libxil.a(xil-crt0.o): In function `_start':
D:\CSULB_Classes\CECS_461\Mideterm_1_Review\midterm_1_practice\midterm_1_practice.sdk\midterm_1_bsp_0\ps7_cortexa9_0\libsrc\standalone_v6_8\src/xil-crt0.S:138: undefined reference to `main'
collect2.exe: error: ld returned 1 exit status
make: *** [makefile:41: Midterm_1_App.elf] Error 1
22:30:00 **** Auto Build of configuration Debug for project Midterm_1_App ****
make pre-build main-build 
a9-linaro-pre-build-step
' '
'Building file: ../src/midterm_1.c'
'Invoking: ARM v7 gcc compiler'
arm-none-eabi-gcc -Wall -O0 -g3 -c -fmessage-length=0 -MT"src/midterm_1.o" -mcpu=cortex-a9 -mfpu=vfpv3 -mfloat-abi=hard -I../../midterm_1_bsp_0/ps7_cortexa9_0/include -MMD -MP -MF"src/midterm_1.d" -MT"src/midterm_1.o" -o "src/midterm_1.o" "../src/midterm_1.c"
../src/midterm_1.c: In function 'main':
../src/midterm_1.c:35:4: warning: implicit declaration of function 'sleep'; did you mean 'strsep'? [-Wimplicit-function-declaration]
    sleep(1);
    ^~~~~
    strsep
'Finished building: ../src/midterm_1.c'
' '
'Building target: Midterm_1_App.elf'
'Invoking: ARM v7 gcc linker'
arm-none-eabi-gcc -mcpu=cortex-a9 -mfpu=vfpv3 -mfloat-abi=hard -Wl,-build-id=none -specs=Xilinx.spec -Wl,-T -Wl,../src/lscript.ld -L../../midterm_1_bsp_0/ps7_cortexa9_0/lib -o "Midterm_1_App.elf"  ./src/midterm_1.o   -Wl,--start-group,-lxil,-lgcc,-lc,--end-group
'Finished building target: Midterm_1_App.elf'
' '
'Invoking: ARM v7 Print Size'
arm-none-eabi-size Midterm_1_App.elf  |tee "Midterm_1_App.elf.size"
   text	   data	    bss	    dec	    hex	filename
  23556	   1200	  22584	  47340	   b8ec	Midterm_1_App.elf
'Finished building: Midterm_1_App.elf.size'
' '
22:32:02 **** Incremental Build of configuration Debug for project Midterm_1_App ****
make pre-build main-build 
a9-linaro-pre-build-step
' '
make: Nothing to be done for 'main-build'.
22:35:02 **** Incremental Build of configuration Debug for project Midterm_1_App ****
make pre-build main-build 
a9-linaro-pre-build-step
' '
make: Nothing to be done for 'main-build'.
22:37:27 **** Auto Build of configuration Debug for project Midterm_1_App ****
make pre-build main-build 
a9-linaro-pre-build-step
' '
'Building file: ../src/midterm_1.c'
'Invoking: ARM v7 gcc compiler'
arm-none-eabi-gcc -Wall -O0 -g3 -c -fmessage-length=0 -MT"src/midterm_1.o" -mcpu=cortex-a9 -mfpu=vfpv3 -mfloat-abi=hard -I../../midterm_1_bsp_0/ps7_cortexa9_0/include -MMD -MP -MF"src/midterm_1.d" -MT"src/midterm_1.o" -o "src/midterm_1.o" "../src/midterm_1.c"
../src/midterm_1.c: In function 'main':
../src/midterm_1.c:35:4: warning: implicit declaration of function 'sleep'; did you mean 'strsep'? [-Wimplicit-function-declaration]
    sleep(1);
    ^~~~~
    strsep
../src/midterm_1.c:17:22: warning: unused variable 'led' [-Wunused-variable]
     XGpio dip, push, led;
                      ^~~
'Finished building: ../src/midterm_1.c'
' '
'Building target: Midterm_1_App.elf'
'Invoking: ARM v7 gcc linker'
arm-none-eabi-gcc -mcpu=cortex-a9 -mfpu=vfpv3 -mfloat-abi=hard -Wl,-build-id=none -specs=Xilinx.spec -Wl,-T -Wl,../src/lscript.ld -L../../midterm_1_bsp_0/ps7_cortexa9_0/lib -o "Midterm_1_App.elf"  ./src/midterm_1.o   -Wl,--start-group,-lxil,-lgcc,-lc,--end-group
'Finished building target: Midterm_1_App.elf'
' '
'Invoking: ARM v7 Print Size'
arm-none-eabi-size Midterm_1_App.elf  |tee "Midterm_1_App.elf.size"
   text	   data	    bss	    dec	    hex	filename
  23556	   1200	  22584	  47340	   b8ec	Midterm_1_App.elf
'Finished building: Midterm_1_App.elf.size'
' '
22:37:45 **** Auto Build of configuration Debug for project Midterm_1_App ****
make pre-build main-build 
a9-linaro-pre-build-step
' '
'Building file: ../src/midterm_1.c'
'Invoking: ARM v7 gcc compiler'
arm-none-eabi-gcc -Wall -O0 -g3 -c -fmessage-length=0 -MT"src/midterm_1.o" -mcpu=cortex-a9 -mfpu=vfpv3 -mfloat-abi=hard -I../../midterm_1_bsp_0/ps7_cortexa9_0/include -MMD -MP -MF"src/midterm_1.d" -MT"src/midterm_1.o" -o "src/midterm_1.o" "../src/midterm_1.c"
../src/midterm_1.c: In function 'main':
../src/midterm_1.c:35:4: warning: implicit declaration of function 'sleep'; did you mean 'strsep'? [-Wimplicit-function-declaration]
    sleep(1);
    ^~~~~
    strsep
'Finished building: ../src/midterm_1.c'
' '
'Building target: Midterm_1_App.elf'
'Invoking: ARM v7 gcc linker'
arm-none-eabi-gcc -mcpu=cortex-a9 -mfpu=vfpv3 -mfloat-abi=hard -Wl,-build-id=none -specs=Xilinx.spec -Wl,-T -Wl,../src/lscript.ld -L../../midterm_1_bsp_0/ps7_cortexa9_0/lib -o "Midterm_1_App.elf"  ./src/midterm_1.o   -Wl,--start-group,-lxil,-lgcc,-lc,--end-group
'Finished building target: Midterm_1_App.elf'
' '
'Invoking: ARM v7 Print Size'
arm-none-eabi-size Midterm_1_App.elf  |tee "Midterm_1_App.elf.size"
   text	   data	    bss	    dec	    hex	filename
  23556	   1200	  22584	  47340	   b8ec	Midterm_1_App.elf
'Finished building: Midterm_1_App.elf.size'
' '
22:40:16 **** Auto Build of configuration Debug for project Midterm_1_App ****
make pre-build main-build 
a9-linaro-pre-build-step
' '
'Building file: ../src/midterm_1.c'
'Invoking: ARM v7 gcc compiler'
arm-none-eabi-gcc -Wall -O0 -g3 -c -fmessage-length=0 -MT"src/midterm_1.o" -mcpu=cortex-a9 -mfpu=vfpv3 -mfloat-abi=hard -I../../midterm_1_bsp_0/ps7_cortexa9_0/include -MMD -MP -MF"src/midterm_1.d" -MT"src/midterm_1.o" -o "src/midterm_1.o" "../src/midterm_1.c"
../src/midterm_1.c: In function 'main':
../src/midterm_1.c:35:4: warning: implicit declaration of function 'sleep'; did you mean 'strsep'? [-Wimplicit-function-declaration]
    sleep(1);
    ^~~~~
    strsep
../src/midterm_1.c:17:22: warning: unused variable 'led' [-Wunused-variable]
     XGpio dip, push, led;
                      ^~~
'Finished building: ../src/midterm_1.c'
' '
'Building target: Midterm_1_App.elf'
'Invoking: ARM v7 gcc linker'
arm-none-eabi-gcc -mcpu=cortex-a9 -mfpu=vfpv3 -mfloat-abi=hard -Wl,-build-id=none -specs=Xilinx.spec -Wl,-T -Wl,../src/lscript.ld -L../../midterm_1_bsp_0/ps7_cortexa9_0/lib -o "Midterm_1_App.elf"  ./src/midterm_1.o   -Wl,--start-group,-lxil,-lgcc,-lc,--end-group
'Finished building target: Midterm_1_App.elf'
' '
'Invoking: ARM v7 Print Size'
arm-none-eabi-size Midterm_1_App.elf  |tee "Midterm_1_App.elf.size"
   text	   data	    bss	    dec	    hex	filename
  23556	   1200	  22584	  47340	   b8ec	Midterm_1_App.elf
'Finished building: Midterm_1_App.elf.size'
' '
22:40:56 **** Auto Build of configuration Debug for project Midterm_1_App ****
make pre-build main-build 
a9-linaro-pre-build-step
' '
'Building file: ../src/midterm_1.c'
'Invoking: ARM v7 gcc compiler'
arm-none-eabi-gcc -Wall -O0 -g3 -c -fmessage-length=0 -MT"src/midterm_1.o" -mcpu=cortex-a9 -mfpu=vfpv3 -mfloat-abi=hard -I../../midterm_1_bsp_0/ps7_cortexa9_0/include -MMD -MP -MF"src/midterm_1.d" -MT"src/midterm_1.o" -o "src/midterm_1.o" "../src/midterm_1.c"
../src/midterm_1.c: In function 'main':
../src/midterm_1.c:36:4: warning: implicit declaration of function 'sleep'; did you mean 'strsep'? [-Wimplicit-function-declaration]
    sleep(1);
    ^~~~~
    strsep
../src/midterm_1.c:17:22: warning: unused variable 'led' [-Wunused-variable]
     XGpio dip, push, led;
                      ^~~
'Finished building: ../src/midterm_1.c'
' '
'Building target: Midterm_1_App.elf'
'Invoking: ARM v7 gcc linker'
arm-none-eabi-gcc -mcpu=cortex-a9 -mfpu=vfpv3 -mfloat-abi=hard -Wl,-build-id=none -specs=Xilinx.spec -Wl,-T -Wl,../src/lscript.ld -L../../midterm_1_bsp_0/ps7_cortexa9_0/lib -o "Midterm_1_App.elf"  ./src/midterm_1.o   -Wl,--start-group,-lxil,-lgcc,-lc,--end-group
'Finished building target: Midterm_1_App.elf'
' '
'Invoking: ARM v7 Print Size'
arm-none-eabi-size Midterm_1_App.elf  |tee "Midterm_1_App.elf.size"
   text	   data	    bss	    dec	    hex	filename
  23556	   1200	  22584	  47340	   b8ec	Midterm_1_App.elf
'Finished building: Midterm_1_App.elf.size'
' '
22:49:48 **** Auto Build of configuration Debug for project Midterm_1_App ****
make pre-build main-build 
a9-linaro-pre-build-step
' '
'Building file: ../src/midterm_1.c'
'Invoking: ARM v7 gcc compiler'
arm-none-eabi-gcc -Wall -O0 -g3 -c -fmessage-length=0 -MT"src/midterm_1.o" -mcpu=cortex-a9 -mfpu=vfpv3 -mfloat-abi=hard -I../../midterm_1_bsp_0/ps7_cortexa9_0/include -MMD -MP -MF"src/midterm_1.d" -MT"src/midterm_1.o" -o "src/midterm_1.o" "../src/midterm_1.c"
../src/midterm_1.c: In function 'main':
../src/midterm_1.c:30:2: error: expected ';' before 'while'
  while (1)
  ^~~~~
../src/midterm_1.c:18:17: warning: unused variable 'dip_check' [-Wunused-variable]
  int psb_check, dip_check;
                 ^~~~~~~~~
../src/midterm_1.c:18:6: warning: unused variable 'psb_check' [-Wunused-variable]
  int psb_check, dip_check;
      ^~~~~~~~~
make: *** [src/subdir.mk:23: src/midterm_1.o] Error 1
22:50:15 **** Auto Build of configuration Debug for project Midterm_1_App ****
make pre-build main-build 
a9-linaro-pre-build-step
' '
'Building file: ../src/midterm_1.c'
'Invoking: ARM v7 gcc compiler'
arm-none-eabi-gcc -Wall -O0 -g3 -c -fmessage-length=0 -MT"src/midterm_1.o" -mcpu=cortex-a9 -mfpu=vfpv3 -mfloat-abi=hard -I../../midterm_1_bsp_0/ps7_cortexa9_0/include -MMD -MP -MF"src/midterm_1.d" -MT"src/midterm_1.o" -o "src/midterm_1.o" "../src/midterm_1.c"
../src/midterm_1.c: In function 'main':
../src/midterm_1.c:38:4: warning: implicit declaration of function 'sleep'; did you mean 'strsep'? [-Wimplicit-function-declaration]
    sleep(1);
    ^~~~~
    strsep
'Finished building: ../src/midterm_1.c'
' '
'Building target: Midterm_1_App.elf'
'Invoking: ARM v7 gcc linker'
arm-none-eabi-gcc -mcpu=cortex-a9 -mfpu=vfpv3 -mfloat-abi=hard -Wl,-build-id=none -specs=Xilinx.spec -Wl,-T -Wl,../src/lscript.ld -L../../midterm_1_bsp_0/ps7_cortexa9_0/lib -o "Midterm_1_App.elf"  ./src/midterm_1.o   -Wl,--start-group,-lxil,-lgcc,-lc,--end-group
'Finished building target: Midterm_1_App.elf'
' '
'Invoking: ARM v7 Print Size'
arm-none-eabi-size Midterm_1_App.elf  |tee "Midterm_1_App.elf.size"
   text	   data	    bss	    dec	    hex	filename
  23620	   1200	  22584	  47404	   b92c	Midterm_1_App.elf
'Finished building: Midterm_1_App.elf.size'
' '
22:52:58 **** Auto Build of configuration Debug for project Midterm_1_App ****
make pre-build main-build 
a9-linaro-pre-build-step
' '
'Building file: ../src/midterm_1.c'
'Invoking: ARM v7 gcc compiler'
arm-none-eabi-gcc -Wall -O0 -g3 -c -fmessage-length=0 -MT"src/midterm_1.o" -mcpu=cortex-a9 -mfpu=vfpv3 -mfloat-abi=hard -I../../midterm_1_bsp_0/ps7_cortexa9_0/include -MMD -MP -MF"src/midterm_1.d" -MT"src/midterm_1.o" -o "src/midterm_1.o" "../src/midterm_1.c"
../src/midterm_1.c: In function 'main':
../src/midterm_1.c:38:4: warning: implicit declaration of function 'sleep'; did you mean 'strsep'? [-Wimplicit-function-declaration]
    sleep(1);
    ^~~~~
    strsep
../src/midterm_1.c:18:28: warning: unused variable 'led_check' [-Wunused-variable]
  int psb_check, dip_check, led_check;
                            ^~~~~~~~~
'Finished building: ../src/midterm_1.c'
' '
'Building target: Midterm_1_App.elf'
'Invoking: ARM v7 gcc linker'
arm-none-eabi-gcc -mcpu=cortex-a9 -mfpu=vfpv3 -mfloat-abi=hard -Wl,-build-id=none -specs=Xilinx.spec -Wl,-T -Wl,../src/lscript.ld -L../../midterm_1_bsp_0/ps7_cortexa9_0/lib -o "Midterm_1_App.elf"  ./src/midterm_1.o   -Wl,--start-group,-lxil,-lgcc,-lc,--end-group
'Finished building target: Midterm_1_App.elf'
' '
'Invoking: ARM v7 Print Size'
arm-none-eabi-size Midterm_1_App.elf  |tee "Midterm_1_App.elf.size"
   text	   data	    bss	    dec	    hex	filename
  23620	   1200	  22584	  47404	   b92c	Midterm_1_App.elf
'Finished building: Midterm_1_App.elf.size'
' '
22:55:48 **** Auto Build of configuration Debug for project Midterm_1_App ****
make pre-build main-build 
a9-linaro-pre-build-step
' '
'Building file: ../src/midterm_1.c'
'Invoking: ARM v7 gcc compiler'
arm-none-eabi-gcc -Wall -O0 -g3 -c -fmessage-length=0 -MT"src/midterm_1.o" -mcpu=cortex-a9 -mfpu=vfpv3 -mfloat-abi=hard -I../../midterm_1_bsp_0/ps7_cortexa9_0/include -MMD -MP -MF"src/midterm_1.d" -MT"src/midterm_1.o" -o "src/midterm_1.o" "../src/midterm_1.c"
../src/midterm_1.c: In function 'main':
../src/midterm_1.c:39:16: warning: implicit declaration of function 'XGpio_DiscreteREad'; did you mean 'XGpio_DiscreteRead'? [-Wimplicit-function-declaration]
    led_check = XGpio_DiscreteREad(&led, 1);
                ^~~~~~~~~~~~~~~~~~
                XGpio_DiscreteRead
../src/midterm_1.c:41:4: warning: implicit declaration of function 'sleep'; did you mean 'strsep'? [-Wimplicit-function-declaration]
    sleep(1);
    ^~~~~
    strsep
'Finished building: ../src/midterm_1.c'
' '
'Building target: Midterm_1_App.elf'
'Invoking: ARM v7 gcc linker'
arm-none-eabi-gcc -mcpu=cortex-a9 -mfpu=vfpv3 -mfloat-abi=hard -Wl,-build-id=none -specs=Xilinx.spec -Wl,-T -Wl,../src/lscript.ld -L../../midterm_1_bsp_0/ps7_cortexa9_0/lib -o "Midterm_1_App.elf"  ./src/midterm_1.o   -Wl,--start-group,-lxil,-lgcc,-lc,--end-group
./src/midterm_1.o: In function `main':
D:\CSULB_Classes\CECS_461\Mideterm_1_Review\midterm_1_practice\midterm_1_practice.sdk\Midterm_1_App\Debug/../src/midterm_1.c:39: undefined reference to `XGpio_DiscreteREad'
collect2.exe: error: ld returned 1 exit status
make: *** [makefile:41: Midterm_1_App.elf] Error 1
22:55:56 **** Auto Build of configuration Debug for project Midterm_1_App ****
make pre-build main-build 
a9-linaro-pre-build-step
' '
'Building file: ../src/midterm_1.c'
'Invoking: ARM v7 gcc compiler'
arm-none-eabi-gcc -Wall -O0 -g3 -c -fmessage-length=0 -MT"src/midterm_1.o" -mcpu=cortex-a9 -mfpu=vfpv3 -mfloat-abi=hard -I../../midterm_1_bsp_0/ps7_cortexa9_0/include -MMD -MP -MF"src/midterm_1.d" -MT"src/midterm_1.o" -o "src/midterm_1.o" "../src/midterm_1.c"
../src/midterm_1.c: In function 'main':
../src/midterm_1.c:41:4: warning: implicit declaration of function 'sleep'; did you mean 'strsep'? [-Wimplicit-function-declaration]
    sleep(1);
    ^~~~~
    strsep
'Finished building: ../src/midterm_1.c'
' '
'Building target: Midterm_1_App.elf'
'Invoking: ARM v7 gcc linker'
arm-none-eabi-gcc -mcpu=cortex-a9 -mfpu=vfpv3 -mfloat-abi=hard -Wl,-build-id=none -specs=Xilinx.spec -Wl,-T -Wl,../src/lscript.ld -L../../midterm_1_bsp_0/ps7_cortexa9_0/lib -o "Midterm_1_App.elf"  ./src/midterm_1.o   -Wl,--start-group,-lxil,-lgcc,-lc,--end-group
'Finished building target: Midterm_1_App.elf'
' '
'Invoking: ARM v7 Print Size'
arm-none-eabi-size Midterm_1_App.elf  |tee "Midterm_1_App.elf.size"
   text	   data	    bss	    dec	    hex	filename
  23640	   1200	  22584	  47424	   b940	Midterm_1_App.elf
'Finished building: Midterm_1_App.elf.size'
' '
22:56:03 **** Auto Build of configuration Debug for project Midterm_1_App ****
make pre-build main-build 
a9-linaro-pre-build-step
' '
'Building file: ../src/midterm_1.c'
'Invoking: ARM v7 gcc compiler'
arm-none-eabi-gcc -Wall -O0 -g3 -c -fmessage-length=0 -MT"src/midterm_1.o" -mcpu=cortex-a9 -mfpu=vfpv3 -mfloat-abi=hard -I../../midterm_1_bsp_0/ps7_cortexa9_0/include -MMD -MP -MF"src/midterm_1.d" -MT"src/midterm_1.o" -o "src/midterm_1.o" "../src/midterm_1.c"
../src/midterm_1.c: In function 'main':
../src/midterm_1.c:42:4: warning: implicit declaration of function 'sleep'; did you mean 'strsep'? [-Wimplicit-function-declaration]
    sleep(1);
    ^~~~~
    strsep
'Finished building: ../src/midterm_1.c'
' '
'Building target: Midterm_1_App.elf'
'Invoking: ARM v7 gcc linker'
arm-none-eabi-gcc -mcpu=cortex-a9 -mfpu=vfpv3 -mfloat-abi=hard -Wl,-build-id=none -specs=Xilinx.spec -Wl,-T -Wl,../src/lscript.ld -L../../midterm_1_bsp_0/ps7_cortexa9_0/lib -o "Midterm_1_App.elf"  ./src/midterm_1.o   -Wl,--start-group,-lxil,-lgcc,-lc,--end-group
'Finished building target: Midterm_1_App.elf'
' '
'Invoking: ARM v7 Print Size'
arm-none-eabi-size Midterm_1_App.elf  |tee "Midterm_1_App.elf.size"
   text	   data	    bss	    dec	    hex	filename
  23640	   1200	  22584	  47424	   b940	Midterm_1_App.elf
'Finished building: Midterm_1_App.elf.size'
' '
23:00:04 **** Auto Build of configuration Debug for project Midterm_1_App ****
make pre-build main-build 
a9-linaro-pre-build-step
' '
'Building file: ../src/midterm_1.c'
'Invoking: ARM v7 gcc compiler'
arm-none-eabi-gcc -Wall -O0 -g3 -c -fmessage-length=0 -MT"src/midterm_1.o" -mcpu=cortex-a9 -mfpu=vfpv3 -mfloat-abi=hard -I../../midterm_1_bsp_0/ps7_cortexa9_0/include -MMD -MP -MF"src/midterm_1.d" -MT"src/midterm_1.o" -o "src/midterm_1.o" "../src/midterm_1.c"
../src/midterm_1.c: In function 'main':
../src/midterm_1.c:45:4: warning: implicit declaration of function 'sleep'; did you mean 'strsep'? [-Wimplicit-function-declaration]
    sleep(1);
    ^~~~~
    strsep
'Finished building: ../src/midterm_1.c'
' '
'Building target: Midterm_1_App.elf'
'Invoking: ARM v7 gcc linker'
arm-none-eabi-gcc -mcpu=cortex-a9 -mfpu=vfpv3 -mfloat-abi=hard -Wl,-build-id=none -specs=Xilinx.spec -Wl,-T -Wl,../src/lscript.ld -L../../midterm_1_bsp_0/ps7_cortexa9_0/lib -o "Midterm_1_App.elf"  ./src/midterm_1.o   -Wl,--start-group,-lxil,-lgcc,-lc,--end-group
'Finished building target: Midterm_1_App.elf'
' '
'Invoking: ARM v7 Print Size'
arm-none-eabi-size Midterm_1_App.elf  |tee "Midterm_1_App.elf.size"
   text	   data	    bss	    dec	    hex	filename
  23640	   1200	  22584	  47424	   b940	Midterm_1_App.elf
'Finished building: Midterm_1_App.elf.size'
' '
23:00:35 **** Incremental Build of configuration Debug for project Midterm_1_App ****
make pre-build main-build 
a9-linaro-pre-build-step
' '
make: Nothing to be done for 'main-build'.
19:57:09 **** Auto Build of configuration Debug for project Midterm_1_App ****
make pre-build main-build 
a9-linaro-pre-build-step
' '
'Building file: ../src/midterm_1.c'
'Invoking: ARM v7 gcc compiler'
arm-none-eabi-gcc -Wall -O0 -g3 -c -fmessage-length=0 -MT"src/midterm_1.o" -mcpu=cortex-a9 -mfpu=vfpv3 -mfloat-abi=hard -I../../midterm_1_bsp_0/ps7_cortexa9_0/include -MMD -MP -MF"src/midterm_1.d" -MT"src/midterm_1.o" -o "src/midterm_1.o" "../src/midterm_1.c"
../src/midterm_1.c: In function 'main':
../src/midterm_1.c:47:4: warning: implicit declaration of function 'sleep'; did you mean 'strsep'? [-Wimplicit-function-declaration]
    sleep(1);
    ^~~~~
    strsep
'Finished building: ../src/midterm_1.c'
' '
'Building target: Midterm_1_App.elf'
'Invoking: ARM v7 gcc linker'
arm-none-eabi-gcc -mcpu=cortex-a9 -mfpu=vfpv3 -mfloat-abi=hard -Wl,-build-id=none -specs=Xilinx.spec -Wl,-T -Wl,../src/lscript.ld -L../../midterm_1_bsp_0/ps7_cortexa9_0/lib -o "Midterm_1_App.elf"  ./src/midterm_1.o   -Wl,--start-group,-lxil,-lgcc,-lc,--end-group
'Finished building target: Midterm_1_App.elf'
' '
'Invoking: ARM v7 Print Size'
arm-none-eabi-size Midterm_1_App.elf  |tee "Midterm_1_App.elf.size"
   text	   data	    bss	    dec	    hex	filename
  23704	   1200	  22584	  47488	   b980	Midterm_1_App.elf
'Finished building: Midterm_1_App.elf.size'
' '
20:03:25 **** Incremental Build of configuration Debug for project Midterm_1_App ****
make pre-build main-build 
a9-linaro-pre-build-step
' '
make: Nothing to be done for 'main-build'.
20:04:28 **** Clean-only build of configuration Debug for project Midterm_1_App ****
make clean 
rm -rf  ./src/midterm_1.o  ./src/midterm_1.d  Midterm_1_App.elf.size  Midterm_1_App.elf
' '
20:04:28 **** Clean-only build of project midterm_1_bsp_0 ****
make -k clean 
make -C ps7_cortexa9_0/libsrc/coresightps_dcc_v1_4/src -s clean 
make -C ps7_cortexa9_0/libsrc/cpu_cortexa9_v2_7/src -s clean 
make -C ps7_cortexa9_0/libsrc/ddrps_v1_0/src -s clean 
make -C ps7_cortexa9_0/libsrc/devcfg_v3_5/src -s clean 
make -C ps7_cortexa9_0/libsrc/dmaps_v2_4/src -s clean 
make -C ps7_cortexa9_0/libsrc/gpio_v4_3/src -s clean 
make -C ps7_cortexa9_0/libsrc/scugic_v3_10/src -s clean 
make -C ps7_cortexa9_0/libsrc/scutimer_v2_1/src -s clean 
make -C ps7_cortexa9_0/libsrc/scuwdt_v2_1/src -s clean 
make -C ps7_cortexa9_0/libsrc/standalone_v6_8/src -s clean 
make -C ps7_cortexa9_0/libsrc/uartps_v3_7/src -s clean 
make -C ps7_cortexa9_0/libsrc/xadcps_v2_3/src -s clean 
rm -f ps7_cortexa9_0/lib/libxil.a
20:04:31 **** Build of project midterm_1_bsp_0 ****
make -k all 
"Running Make include in ps7_cortexa9_0/libsrc/coresightps_dcc_v1_4/src"
make -C ps7_cortexa9_0/libsrc/coresightps_dcc_v1_4/src -s include  "SHELL=CMD" "COMPILER=arm-none-eabi-gcc" "ARCHIVER=arm-none-eabi-ar" "COMPILER_FLAGS=  -O2 -c" "EXTRA_COMPILER_FLAGS=-mcpu=cortex-a9 -mfpu=vfpv3 -mfloat-abi=hard -nostartfiles -g -Wall -Wextra"
"Running Make include in ps7_cortexa9_0/libsrc/cpu_cortexa9_v2_7/src"
make -C ps7_cortexa9_0/libsrc/cpu_cortexa9_v2_7/src -s include  "SHELL=CMD" "COMPILER=arm-none-eabi-gcc" "ARCHIVER=arm-none-eabi-ar" "COMPILER_FLAGS=  -O2 -c" "EXTRA_COMPILER_FLAGS=-mcpu=cortex-a9 -mfpu=vfpv3 -mfloat-abi=hard -nostartfiles -g -Wall -Wextra"
"Running Make include in ps7_cortexa9_0/libsrc/ddrps_v1_0/src"
make -C ps7_cortexa9_0/libsrc/ddrps_v1_0/src -s include  "SHELL=CMD" "COMPILER=arm-none-eabi-gcc" "ARCHIVER=arm-none-eabi-ar" "COMPILER_FLAGS=  -O2 -c" "EXTRA_COMPILER_FLAGS=-mcpu=cortex-a9 -mfpu=vfpv3 -mfloat-abi=hard -nostartfiles -g -Wall -Wextra"
"Running Make include in ps7_cortexa9_0/libsrc/devcfg_v3_5/src"
make -C ps7_cortexa9_0/libsrc/devcfg_v3_5/src -s include  "SHELL=CMD" "COMPILER=arm-none-eabi-gcc" "ARCHIVER=arm-none-eabi-ar" "COMPILER_FLAGS=  -O2 -c" "EXTRA_COMPILER_FLAGS=-mcpu=cortex-a9 -mfpu=vfpv3 -mfloat-abi=hard -nostartfiles -g -Wall -Wextra"
"Running Make include in ps7_cortexa9_0/libsrc/dmaps_v2_4/src"
make -C ps7_cortexa9_0/libsrc/dmaps_v2_4/src -s include  "SHELL=CMD" "COMPILER=arm-none-eabi-gcc" "ARCHIVER=arm-none-eabi-ar" "COMPILER_FLAGS=  -O2 -c" "EXTRA_COMPILER_FLAGS=-mcpu=cortex-a9 -mfpu=vfpv3 -mfloat-abi=hard -nostartfiles -g -Wall -Wextra"
"Running Make include in ps7_cortexa9_0/libsrc/gpio_v4_3/src"
make -C ps7_cortexa9_0/libsrc/gpio_v4_3/src -s include  "SHELL=CMD" "COMPILER=arm-none-eabi-gcc" "ARCHIVER=arm-none-eabi-ar" "COMPILER_FLAGS=  -O2 -c" "EXTRA_COMPILER_FLAGS=-mcpu=cortex-a9 -mfpu=vfpv3 -mfloat-abi=hard -nostartfiles -g -Wall -Wextra"
"Running Make include in ps7_cortexa9_0/libsrc/scugic_v3_10/src"
make -C ps7_cortexa9_0/libsrc/scugic_v3_10/src -s include  "SHELL=CMD" "COMPILER=arm-none-eabi-gcc" "ARCHIVER=arm-none-eabi-ar" "COMPILER_FLAGS=  -O2 -c" "EXTRA_COMPILER_FLAGS=-mcpu=cortex-a9 -mfpu=vfpv3 -mfloat-abi=hard -nostartfiles -g -Wall -Wextra"
"Running Make include in ps7_cortexa9_0/libsrc/scutimer_v2_1/src"
make -C ps7_cortexa9_0/libsrc/scutimer_v2_1/src -s include  "SHELL=CMD" "COMPILER=arm-none-eabi-gcc" "ARCHIVER=arm-none-eabi-ar" "COMPILER_FLAGS=  -O2 -c" "EXTRA_COMPILER_FLAGS=-mcpu=cortex-a9 -mfpu=vfpv3 -mfloat-abi=hard -nostartfiles -g -Wall -Wextra"
"Running Make include in ps7_cortexa9_0/libsrc/scuwdt_v2_1/src"
make -C ps7_cortexa9_0/libsrc/scuwdt_v2_1/src -s include  "SHELL=CMD" "COMPILER=arm-none-eabi-gcc" "ARCHIVER=arm-none-eabi-ar" "COMPILER_FLAGS=  -O2 -c" "EXTRA_COMPILER_FLAGS=-mcpu=cortex-a9 -mfpu=vfpv3 -mfloat-abi=hard -nostartfiles -g -Wall -Wextra"
"Running Make include in ps7_cortexa9_0/libsrc/standalone_v6_8/src"
make -C ps7_cortexa9_0/libsrc/standalone_v6_8/src -s include  "SHELL=CMD" "COMPILER=arm-none-eabi-gcc" "ARCHIVER=arm-none-eabi-ar" "COMPILER_FLAGS=  -O2 -c" "EXTRA_COMPILER_FLAGS=-mcpu=cortex-a9 -mfpu=vfpv3 -mfloat-abi=hard -nostartfiles -g -Wall -Wextra"
"Running Make include in ps7_cortexa9_0/libsrc/uartps_v3_7/src"
make -C ps7_cortexa9_0/libsrc/uartps_v3_7/src -s include  "SHELL=CMD" "COMPILER=arm-none-eabi-gcc" "ARCHIVER=arm-none-eabi-ar" "COMPILER_FLAGS=  -O2 -c" "EXTRA_COMPILER_FLAGS=-mcpu=cortex-a9 -mfpu=vfpv3 -mfloat-abi=hard -nostartfiles -g -Wall -Wextra"
"Running Make include in ps7_cortexa9_0/libsrc/xadcps_v2_3/src"
make -C ps7_cortexa9_0/libsrc/xadcps_v2_3/src -s include  "SHELL=CMD" "COMPILER=arm-none-eabi-gcc" "ARCHIVER=arm-none-eabi-ar" "COMPILER_FLAGS=  -O2 -c" "EXTRA_COMPILER_FLAGS=-mcpu=cortex-a9 -mfpu=vfpv3 -mfloat-abi=hard -nostartfiles -g -Wall -Wextra"
"Running Make libs in ps7_cortexa9_0/libsrc/coresightps_dcc_v1_4/src"
make -C ps7_cortexa9_0/libsrc/coresightps_dcc_v1_4/src -s libs  "SHELL=CMD" "COMPILER=arm-none-eabi-gcc" "ARCHIVER=arm-none-eabi-ar" "COMPILER_FLAGS=  -O2 -c" "EXTRA_COMPILER_FLAGS=-mcpu=cortex-a9 -mfpu=vfpv3 -mfloat-abi=hard -nostartfiles -g -Wall -Wextra"
"Compiling coresightps_dcc"
arm-none-eabi-ar: creating ../../../lib/libxil.a
"Running Make libs in ps7_cortexa9_0/libsrc/cpu_cortexa9_v2_7/src"
make -C ps7_cortexa9_0/libsrc/cpu_cortexa9_v2_7/src -s libs  "SHELL=CMD" "COMPILER=arm-none-eabi-gcc" "ARCHIVER=arm-none-eabi-ar" "COMPILER_FLAGS=  -O2 -c" "EXTRA_COMPILER_FLAGS=-mcpu=cortex-a9 -mfpu=vfpv3 -mfloat-abi=hard -nostartfiles -g -Wall -Wextra"
"Compiling cpu_cortexa9"
"Running Make libs in ps7_cortexa9_0/libsrc/ddrps_v1_0/src"
make -C ps7_cortexa9_0/libsrc/ddrps_v1_0/src -s libs  "SHELL=CMD" "COMPILER=arm-none-eabi-gcc" "ARCHIVER=arm-none-eabi-ar" "COMPILER_FLAGS=  -O2 -c" "EXTRA_COMPILER_FLAGS=-mcpu=cortex-a9 -mfpu=vfpv3 -mfloat-abi=hard -nostartfiles -g -Wall -Wextra"
"Compiling ddrps"
"Running Make libs in ps7_cortexa9_0/libsrc/devcfg_v3_5/src"
make -C ps7_cortexa9_0/libsrc/devcfg_v3_5/src -s libs  "SHELL=CMD" "COMPILER=arm-none-eabi-gcc" "ARCHIVER=arm-none-eabi-ar" "COMPILER_FLAGS=  -O2 -c" "EXTRA_COMPILER_FLAGS=-mcpu=cortex-a9 -mfpu=vfpv3 -mfloat-abi=hard -nostartfiles -g -Wall -Wextra"
"Compiling devcfg"
"Running Make libs in ps7_cortexa9_0/libsrc/dmaps_v2_4/src"
make -C ps7_cortexa9_0/libsrc/dmaps_v2_4/src -s libs  "SHELL=CMD" "COMPILER=arm-none-eabi-gcc" "ARCHIVER=arm-none-eabi-ar" "COMPILER_FLAGS=  -O2 -c" "EXTRA_COMPILER_FLAGS=-mcpu=cortex-a9 -mfpu=vfpv3 -mfloat-abi=hard -nostartfiles -g -Wall -Wextra"
"Compiling dmaps"
"Running Make libs in ps7_cortexa9_0/libsrc/gpio_v4_3/src"
make -C ps7_cortexa9_0/libsrc/gpio_v4_3/src -s libs  "SHELL=CMD" "COMPILER=arm-none-eabi-gcc" "ARCHIVER=arm-none-eabi-ar" "COMPILER_FLAGS=  -O2 -c" "EXTRA_COMPILER_FLAGS=-mcpu=cortex-a9 -mfpu=vfpv3 -mfloat-abi=hard -nostartfiles -g -Wall -Wextra"
"Compiling gpio"
"Running Make libs in ps7_cortexa9_0/libsrc/scugic_v3_10/src"
make -C ps7_cortexa9_0/libsrc/scugic_v3_10/src -s libs  "SHELL=CMD" "COMPILER=arm-none-eabi-gcc" "ARCHIVER=arm-none-eabi-ar" "COMPILER_FLAGS=  -O2 -c" "EXTRA_COMPILER_FLAGS=-mcpu=cortex-a9 -mfpu=vfpv3 -mfloat-abi=hard -nostartfiles -g -Wall -Wextra"
"Compiling scugic"
"Running Make libs in ps7_cortexa9_0/libsrc/scutimer_v2_1/src"
make -C ps7_cortexa9_0/libsrc/scutimer_v2_1/src -s libs  "SHELL=CMD" "COMPILER=arm-none-eabi-gcc" "ARCHIVER=arm-none-eabi-ar" "COMPILER_FLAGS=  -O2 -c" "EXTRA_COMPILER_FLAGS=-mcpu=cortex-a9 -mfpu=vfpv3 -mfloat-abi=hard -nostartfiles -g -Wall -Wextra"
"Compiling scutimer"
"Running Make libs in ps7_cortexa9_0/libsrc/scuwdt_v2_1/src"
make -C ps7_cortexa9_0/libsrc/scuwdt_v2_1/src -s libs  "SHELL=CMD" "COMPILER=arm-none-eabi-gcc" "ARCHIVER=arm-none-eabi-ar" "COMPILER_FLAGS=  -O2 -c" "EXTRA_COMPILER_FLAGS=-mcpu=cortex-a9 -mfpu=vfpv3 -mfloat-abi=hard -nostartfiles -g -Wall -Wextra"
"Compiling scuwdt"
"Running Make libs in ps7_cortexa9_0/libsrc/standalone_v6_8/src"
make -C ps7_cortexa9_0/libsrc/standalone_v6_8/src -s libs  "SHELL=CMD" "COMPILER=arm-none-eabi-gcc" "ARCHIVER=arm-none-eabi-ar" "COMPILER_FLAGS=  -O2 -c" "EXTRA_COMPILER_FLAGS=-mcpu=cortex-a9 -mfpu=vfpv3 -mfloat-abi=hard -nostartfiles -g -Wall -Wextra"
"Compiling standalone"
In file included from usleep.c:56:0:
xtime_l.h:87:9: note: #pragma message: For the sleep routines, Global timer is being used
 #pragma message ("For the sleep routines, Global timer is being used")
         ^~~~~~~
In file included from xil_sleeptimer.c:51:0:
xtime_l.h:87:9: note: #pragma message: For the sleep routines, Global timer is being used
 #pragma message ("For the sleep routines, Global timer is being used")
         ^~~~~~~
In file included from xtime_l.c:49:0:
xtime_l.h:87:9: note: #pragma message: For the sleep routines, Global timer is being used
 #pragma message ("For the sleep routines, Global timer is being used")
         ^~~~~~~
In file included from sleep.c:53:0:
xtime_l.h:87:9: note: #pragma message: For the sleep routines, Global timer is being used
 #pragma message ("For the sleep routines, Global timer is being used")
         ^~~~~~~
"Running Make libs in ps7_cortexa9_0/libsrc/uartps_v3_7/src"
make -C ps7_cortexa9_0/libsrc/uartps_v3_7/src -s libs  "SHELL=CMD" "COMPILER=arm-none-eabi-gcc" "ARCHIVER=arm-none-eabi-ar" "COMPILER_FLAGS=  -O2 -c" "EXTRA_COMPILER_FLAGS=-mcpu=cortex-a9 -mfpu=vfpv3 -mfloat-abi=hard -nostartfiles -g -Wall -Wextra"
"Compiling uartps"
"Running Make libs in ps7_cortexa9_0/libsrc/xadcps_v2_3/src"
make -C ps7_cortexa9_0/libsrc/xadcps_v2_3/src -s libs  "SHELL=CMD" "COMPILER=arm-none-eabi-gcc" "ARCHIVER=arm-none-eabi-ar" "COMPILER_FLAGS=  -O2 -c" "EXTRA_COMPILER_FLAGS=-mcpu=cortex-a9 -mfpu=vfpv3 -mfloat-abi=hard -nostartfiles -g -Wall -Wextra"
"Compiling xadcps"
'Finished building libraries'
20:05:25 **** Build of configuration Debug for project Midterm_1_App ****
make pre-build main-build 
a9-linaro-pre-build-step
' '
'Building file: ../src/midterm_1.c'
'Invoking: ARM v7 gcc compiler'
arm-none-eabi-gcc -Wall -O0 -g3 -c -fmessage-length=0 -MT"src/midterm_1.o" -mcpu=cortex-a9 -mfpu=vfpv3 -mfloat-abi=hard -I../../midterm_1_bsp_0/ps7_cortexa9_0/include -MMD -MP -MF"src/midterm_1.d" -MT"src/midterm_1.o" -o "src/midterm_1.o" "../src/midterm_1.c"
../src/midterm_1.c: In function 'main':
../src/midterm_1.c:47:4: warning: implicit declaration of function 'sleep'; did you mean 'strsep'? [-Wimplicit-function-declaration]
    sleep(1);
    ^~~~~
    strsep
'Finished building: ../src/midterm_1.c'
' '
'Building target: Midterm_1_App.elf'
'Invoking: ARM v7 gcc linker'
arm-none-eabi-gcc -mcpu=cortex-a9 -mfpu=vfpv3 -mfloat-abi=hard -Wl,-build-id=none -specs=Xilinx.spec -Wl,-T -Wl,../src/lscript.ld -L../../midterm_1_bsp_0/ps7_cortexa9_0/lib -o "Midterm_1_App.elf"  ./src/midterm_1.o   -Wl,--start-group,-lxil,-lgcc,-lc,--end-group
'Finished building target: Midterm_1_App.elf'
' '
'Invoking: ARM v7 Print Size'
arm-none-eabi-size Midterm_1_App.elf  |tee "Midterm_1_App.elf.size"
   text	   data	    bss	    dec	    hex	filename
  23704	   1200	  22584	  47488	   b980	Midterm_1_App.elf
'Finished building: Midterm_1_App.elf.size'
' '
12:31:33 **** Auto Build of project midterm_1_bsp_0 ****
make -k all 
"Running Make include in ps7_cortexa9_0/libsrc/coresightps_dcc_v1_4/src"
make -C ps7_cortexa9_0/libsrc/coresightps_dcc_v1_4/src -s include  "SHELL=CMD" "COMPILER=arm-none-eabi-gcc" "ARCHIVER=arm-none-eabi-ar" "COMPILER_FLAGS=  -O2 -c" "EXTRA_COMPILER_FLAGS=-mcpu=cortex-a9 -mfpu=vfpv3 -mfloat-abi=hard -nostartfiles -g -Wall -Wextra"
"Running Make include in ps7_cortexa9_0/libsrc/cpu_cortexa9_v2_7/src"
make -C ps7_cortexa9_0/libsrc/cpu_cortexa9_v2_7/src -s include  "SHELL=CMD" "COMPILER=arm-none-eabi-gcc" "ARCHIVER=arm-none-eabi-ar" "COMPILER_FLAGS=  -O2 -c" "EXTRA_COMPILER_FLAGS=-mcpu=cortex-a9 -mfpu=vfpv3 -mfloat-abi=hard -nostartfiles -g -Wall -Wextra"
"Running Make include in ps7_cortexa9_0/libsrc/ddrps_v1_0/src"
make -C ps7_cortexa9_0/libsrc/ddrps_v1_0/src -s include  "SHELL=CMD" "COMPILER=arm-none-eabi-gcc" "ARCHIVER=arm-none-eabi-ar" "COMPILER_FLAGS=  -O2 -c" "EXTRA_COMPILER_FLAGS=-mcpu=cortex-a9 -mfpu=vfpv3 -mfloat-abi=hard -nostartfiles -g -Wall -Wextra"
"Running Make include in ps7_cortexa9_0/libsrc/devcfg_v3_5/src"
make -C ps7_cortexa9_0/libsrc/devcfg_v3_5/src -s include  "SHELL=CMD" "COMPILER=arm-none-eabi-gcc" "ARCHIVER=arm-none-eabi-ar" "COMPILER_FLAGS=  -O2 -c" "EXTRA_COMPILER_FLAGS=-mcpu=cortex-a9 -mfpu=vfpv3 -mfloat-abi=hard -nostartfiles -g -Wall -Wextra"
"Running Make include in ps7_cortexa9_0/libsrc/dmaps_v2_4/src"
make -C ps7_cortexa9_0/libsrc/dmaps_v2_4/src -s include  "SHELL=CMD" "COMPILER=arm-none-eabi-gcc" "ARCHIVER=arm-none-eabi-ar" "COMPILER_FLAGS=  -O2 -c" "EXTRA_COMPILER_FLAGS=-mcpu=cortex-a9 -mfpu=vfpv3 -mfloat-abi=hard -nostartfiles -g -Wall -Wextra"
"Running Make include in ps7_cortexa9_0/libsrc/gpio_v4_3/src"
make -C ps7_cortexa9_0/libsrc/gpio_v4_3/src -s include  "SHELL=CMD" "COMPILER=arm-none-eabi-gcc" "ARCHIVER=arm-none-eabi-ar" "COMPILER_FLAGS=  -O2 -c" "EXTRA_COMPILER_FLAGS=-mcpu=cortex-a9 -mfpu=vfpv3 -mfloat-abi=hard -nostartfiles -g -Wall -Wextra"
"Running Make include in ps7_cortexa9_0/libsrc/scugic_v3_10/src"
make -C ps7_cortexa9_0/libsrc/scugic_v3_10/src -s include  "SHELL=CMD" "COMPILER=arm-none-eabi-gcc" "ARCHIVER=arm-none-eabi-ar" "COMPILER_FLAGS=  -O2 -c" "EXTRA_COMPILER_FLAGS=-mcpu=cortex-a9 -mfpu=vfpv3 -mfloat-abi=hard -nostartfiles -g -Wall -Wextra"
"Running Make include in ps7_cortexa9_0/libsrc/scutimer_v2_1/src"
make -C ps7_cortexa9_0/libsrc/scutimer_v2_1/src -s include  "SHELL=CMD" "COMPILER=arm-none-eabi-gcc" "ARCHIVER=arm-none-eabi-ar" "COMPILER_FLAGS=  -O2 -c" "EXTRA_COMPILER_FLAGS=-mcpu=cortex-a9 -mfpu=vfpv3 -mfloat-abi=hard -nostartfiles -g -Wall -Wextra"
"Running Make include in ps7_cortexa9_0/libsrc/scuwdt_v2_1/src"
make -C ps7_cortexa9_0/libsrc/scuwdt_v2_1/src -s include  "SHELL=CMD" "COMPILER=arm-none-eabi-gcc" "ARCHIVER=arm-none-eabi-ar" "COMPILER_FLAGS=  -O2 -c" "EXTRA_COMPILER_FLAGS=-mcpu=cortex-a9 -mfpu=vfpv3 -mfloat-abi=hard -nostartfiles -g -Wall -Wextra"
"Running Make include in ps7_cortexa9_0/libsrc/standalone_v6_8/src"
make -C ps7_cortexa9_0/libsrc/standalone_v6_8/src -s include  "SHELL=CMD" "COMPILER=arm-none-eabi-gcc" "ARCHIVER=arm-none-eabi-ar" "COMPILER_FLAGS=  -O2 -c" "EXTRA_COMPILER_FLAGS=-mcpu=cortex-a9 -mfpu=vfpv3 -mfloat-abi=hard -nostartfiles -g -Wall -Wextra"
"Running Make include in ps7_cortexa9_0/libsrc/uartps_v3_7/src"
make -C ps7_cortexa9_0/libsrc/uartps_v3_7/src -s include  "SHELL=CMD" "COMPILER=arm-none-eabi-gcc" "ARCHIVER=arm-none-eabi-ar" "COMPILER_FLAGS=  -O2 -c" "EXTRA_COMPILER_FLAGS=-mcpu=cortex-a9 -mfpu=vfpv3 -mfloat-abi=hard -nostartfiles -g -Wall -Wextra"
"Running Make include in ps7_cortexa9_0/libsrc/xadcps_v2_3/src"
make -C ps7_cortexa9_0/libsrc/xadcps_v2_3/src -s include  "SHELL=CMD" "COMPILER=arm-none-eabi-gcc" "ARCHIVER=arm-none-eabi-ar" "COMPILER_FLAGS=  -O2 -c" "EXTRA_COMPILER_FLAGS=-mcpu=cortex-a9 -mfpu=vfpv3 -mfloat-abi=hard -nostartfiles -g -Wall -Wextra"
"Running Make libs in ps7_cortexa9_0/libsrc/coresightps_dcc_v1_4/src"
make -C ps7_cortexa9_0/libsrc/coresightps_dcc_v1_4/src -s libs  "SHELL=CMD" "COMPILER=arm-none-eabi-gcc" "ARCHIVER=arm-none-eabi-ar" "COMPILER_FLAGS=  -O2 -c" "EXTRA_COMPILER_FLAGS=-mcpu=cortex-a9 -mfpu=vfpv3 -mfloat-abi=hard -nostartfiles -g -Wall -Wextra"
"Compiling coresightps_dcc"
arm-none-eabi-ar: creating ../../../lib/libxil.a
"Running Make libs in ps7_cortexa9_0/libsrc/cpu_cortexa9_v2_7/src"
make -C ps7_cortexa9_0/libsrc/cpu_cortexa9_v2_7/src -s libs  "SHELL=CMD" "COMPILER=arm-none-eabi-gcc" "ARCHIVER=arm-none-eabi-ar" "COMPILER_FLAGS=  -O2 -c" "EXTRA_COMPILER_FLAGS=-mcpu=cortex-a9 -mfpu=vfpv3 -mfloat-abi=hard -nostartfiles -g -Wall -Wextra"
"Compiling cpu_cortexa9"
"Running Make libs in ps7_cortexa9_0/libsrc/ddrps_v1_0/src"
make -C ps7_cortexa9_0/libsrc/ddrps_v1_0/src -s libs  "SHELL=CMD" "COMPILER=arm-none-eabi-gcc" "ARCHIVER=arm-none-eabi-ar" "COMPILER_FLAGS=  -O2 -c" "EXTRA_COMPILER_FLAGS=-mcpu=cortex-a9 -mfpu=vfpv3 -mfloat-abi=hard -nostartfiles -g -Wall -Wextra"
"Compiling ddrps"
"Running Make libs in ps7_cortexa9_0/libsrc/devcfg_v3_5/src"
make -C ps7_cortexa9_0/libsrc/devcfg_v3_5/src -s libs  "SHELL=CMD" "COMPILER=arm-none-eabi-gcc" "ARCHIVER=arm-none-eabi-ar" "COMPILER_FLAGS=  -O2 -c" "EXTRA_COMPILER_FLAGS=-mcpu=cortex-a9 -mfpu=vfpv3 -mfloat-abi=hard -nostartfiles -g -Wall -Wextra"
"Compiling devcfg"
"Running Make libs in ps7_cortexa9_0/libsrc/dmaps_v2_4/src"
make -C ps7_cortexa9_0/libsrc/dmaps_v2_4/src -s libs  "SHELL=CMD" "COMPILER=arm-none-eabi-gcc" "ARCHIVER=arm-none-eabi-ar" "COMPILER_FLAGS=  -O2 -c" "EXTRA_COMPILER_FLAGS=-mcpu=cortex-a9 -mfpu=vfpv3 -mfloat-abi=hard -nostartfiles -g -Wall -Wextra"
"Compiling dmaps"
"Running Make libs in ps7_cortexa9_0/libsrc/gpio_v4_3/src"
make -C ps7_cortexa9_0/libsrc/gpio_v4_3/src -s libs  "SHELL=CMD" "COMPILER=arm-none-eabi-gcc" "ARCHIVER=arm-none-eabi-ar" "COMPILER_FLAGS=  -O2 -c" "EXTRA_COMPILER_FLAGS=-mcpu=cortex-a9 -mfpu=vfpv3 -mfloat-abi=hard -nostartfiles -g -Wall -Wextra"
"Compiling gpio"
"Running Make libs in ps7_cortexa9_0/libsrc/scugic_v3_10/src"
make -C ps7_cortexa9_0/libsrc/scugic_v3_10/src -s libs  "SHELL=CMD" "COMPILER=arm-none-eabi-gcc" "ARCHIVER=arm-none-eabi-ar" "COMPILER_FLAGS=  -O2 -c" "EXTRA_COMPILER_FLAGS=-mcpu=cortex-a9 -mfpu=vfpv3 -mfloat-abi=hard -nostartfiles -g -Wall -Wextra"
"Compiling scugic"
"Running Make libs in ps7_cortexa9_0/libsrc/scutimer_v2_1/src"
make -C ps7_cortexa9_0/libsrc/scutimer_v2_1/src -s libs  "SHELL=CMD" "COMPILER=arm-none-eabi-gcc" "ARCHIVER=arm-none-eabi-ar" "COMPILER_FLAGS=  -O2 -c" "EXTRA_COMPILER_FLAGS=-mcpu=cortex-a9 -mfpu=vfpv3 -mfloat-abi=hard -nostartfiles -g -Wall -Wextra"
"Compiling scutimer"
"Running Make libs in ps7_cortexa9_0/libsrc/scuwdt_v2_1/src"
make -C ps7_cortexa9_0/libsrc/scuwdt_v2_1/src -s libs  "SHELL=CMD" "COMPILER=arm-none-eabi-gcc" "ARCHIVER=arm-none-eabi-ar" "COMPILER_FLAGS=  -O2 -c" "EXTRA_COMPILER_FLAGS=-mcpu=cortex-a9 -mfpu=vfpv3 -mfloat-abi=hard -nostartfiles -g -Wall -Wextra"
"Compiling scuwdt"
"Running Make libs in ps7_cortexa9_0/libsrc/standalone_v6_8/src"
make -C ps7_cortexa9_0/libsrc/standalone_v6_8/src -s libs  "SHELL=CMD" "COMPILER=arm-none-eabi-gcc" "ARCHIVER=arm-none-eabi-ar" "COMPILER_FLAGS=  -O2 -c" "EXTRA_COMPILER_FLAGS=-mcpu=cortex-a9 -mfpu=vfpv3 -mfloat-abi=hard -nostartfiles -g -Wall -Wextra"
"Compiling standalone"
In file included from usleep.c:56:0:
xtime_l.h:87:9: note: #pragma message: For the sleep routines, Global timer is being used
 #pragma message ("For the sleep routines, Global timer is being used")
         ^~~~~~~
In file included from xil_sleeptimer.c:51:0:
xtime_l.h:87:9: note: #pragma message: For the sleep routines, Global timer is being used
 #pragma message ("For the sleep routines, Global timer is being used")
         ^~~~~~~
In file included from xtime_l.c:49:0:
xtime_l.h:87:9: note: #pragma message: For the sleep routines, Global timer is being used
 #pragma message ("For the sleep routines, Global timer is being used")
         ^~~~~~~
In file included from sleep.c:53:0:
xtime_l.h:87:9: note: #pragma message: For the sleep routines, Global timer is being used
 #pragma message ("For the sleep routines, Global timer is being used")
         ^~~~~~~
"Running Make libs in ps7_cortexa9_0/libsrc/uartps_v3_7/src"
make -C ps7_cortexa9_0/libsrc/uartps_v3_7/src -s libs  "SHELL=CMD" "COMPILER=arm-none-eabi-gcc" "ARCHIVER=arm-none-eabi-ar" "COMPILER_FLAGS=  -O2 -c" "EXTRA_COMPILER_FLAGS=-mcpu=cortex-a9 -mfpu=vfpv3 -mfloat-abi=hard -nostartfiles -g -Wall -Wextra"
"Compiling uartps"
"Running Make libs in ps7_cortexa9_0/libsrc/xadcps_v2_3/src"
make -C ps7_cortexa9_0/libsrc/xadcps_v2_3/src -s libs  "SHELL=CMD" "COMPILER=arm-none-eabi-gcc" "ARCHIVER=arm-none-eabi-ar" "COMPILER_FLAGS=  -O2 -c" "EXTRA_COMPILER_FLAGS=-mcpu=cortex-a9 -mfpu=vfpv3 -mfloat-abi=hard -nostartfiles -g -Wall -Wextra"
"Compiling xadcps"
'Finished building libraries'
12:32:24 **** Auto Build of configuration Debug for project Midterm_1_App ****
make pre-build main-build 
a9-linaro-pre-build-step
' '
make: Nothing to be done for 'main-build'.
12:43:34 **** Incremental Build of configuration Debug for project Midterm_1_App ****
make pre-build main-build 
a9-linaro-pre-build-step
' '
make: Nothing to be done for 'main-build'.
12:54:12 **** Incremental Build of configuration Debug for project Midterm_1_App ****
make pre-build main-build 
a9-linaro-pre-build-step
' '
make: Nothing to be done for 'main-build'.
13:22:51 **** Incremental Build of configuration Debug for project Midterm_1_App ****
make pre-build main-build 
a9-linaro-pre-build-step
' '
make: Nothing to be done for 'main-build'.
13:23:04 **** Incremental Build of configuration Debug for project Midterm_1_App ****
make pre-build main-build 
a9-linaro-pre-build-step
' '
make: Nothing to be done for 'main-build'.
14:34:40 **** Incremental Build of configuration Debug for project Midterm_1_App ****
make pre-build main-build 
a9-linaro-pre-build-step
' '
make: Nothing to be done for 'main-build'.
14:37:16 **** Auto Build of configuration Debug for project Midterm_1_App ****
make pre-build main-build 
a9-linaro-pre-build-step
' '
make: Nothing to be done for 'main-build'.
14:37:32 **** Incremental Build of configuration Debug for project Midterm_1_App ****
make pre-build main-build 
a9-linaro-pre-build-step
' '
make: Nothing to be done for 'main-build'.
14:37:55 **** Incremental Build of configuration Debug for project Midterm_1_App ****
make pre-build main-build 
a9-linaro-pre-build-step
' '
make: Nothing to be done for 'main-build'.
14:38:25 **** Incremental Build of configuration Debug for project Midterm_1_App ****
make pre-build main-build 
a9-linaro-pre-build-step
' '
make: Nothing to be done for 'main-build'.
14:39:03 **** Clean-only build of configuration Debug for project Midterm_1_App ****
make clean 
rm -rf  ./src/midterm_1.o  ./src/midterm_1.d  Midterm_1_App.elf.size  Midterm_1_App.elf
' '
14:39:04 **** Clean-only build of project midterm_1_bsp_0 ****
make -k clean 
make -C ps7_cortexa9_0/libsrc/coresightps_dcc_v1_4/src -s clean 
make -C ps7_cortexa9_0/libsrc/cpu_cortexa9_v2_7/src -s clean 
make -C ps7_cortexa9_0/libsrc/ddrps_v1_0/src -s clean 
make -C ps7_cortexa9_0/libsrc/devcfg_v3_5/src -s clean 
make -C ps7_cortexa9_0/libsrc/dmaps_v2_4/src -s clean 
make -C ps7_cortexa9_0/libsrc/gpio_v4_3/src -s clean 
make -C ps7_cortexa9_0/libsrc/scugic_v3_10/src -s clean 
make -C ps7_cortexa9_0/libsrc/scutimer_v2_1/src -s clean 
make -C ps7_cortexa9_0/libsrc/scuwdt_v2_1/src -s clean 
make -C ps7_cortexa9_0/libsrc/standalone_v6_8/src -s clean 
make -C ps7_cortexa9_0/libsrc/uartps_v3_7/src -s clean 
make -C ps7_cortexa9_0/libsrc/xadcps_v2_3/src -s clean 
rm -f ps7_cortexa9_0/lib/libxil.a
14:39:08 **** Build of project midterm_1_bsp_0 ****
make -k all 
"Running Make include in ps7_cortexa9_0/libsrc/coresightps_dcc_v1_4/src"
make -C ps7_cortexa9_0/libsrc/coresightps_dcc_v1_4/src -s include  "SHELL=CMD" "COMPILER=arm-none-eabi-gcc" "ARCHIVER=arm-none-eabi-ar" "COMPILER_FLAGS=  -O2 -c" "EXTRA_COMPILER_FLAGS=-mcpu=cortex-a9 -mfpu=vfpv3 -mfloat-abi=hard -nostartfiles -g -Wall -Wextra"
"Running Make include in ps7_cortexa9_0/libsrc/cpu_cortexa9_v2_7/src"
make -C ps7_cortexa9_0/libsrc/cpu_cortexa9_v2_7/src -s include  "SHELL=CMD" "COMPILER=arm-none-eabi-gcc" "ARCHIVER=arm-none-eabi-ar" "COMPILER_FLAGS=  -O2 -c" "EXTRA_COMPILER_FLAGS=-mcpu=cortex-a9 -mfpu=vfpv3 -mfloat-abi=hard -nostartfiles -g -Wall -Wextra"
"Running Make include in ps7_cortexa9_0/libsrc/ddrps_v1_0/src"
make -C ps7_cortexa9_0/libsrc/ddrps_v1_0/src -s include  "SHELL=CMD" "COMPILER=arm-none-eabi-gcc" "ARCHIVER=arm-none-eabi-ar" "COMPILER_FLAGS=  -O2 -c" "EXTRA_COMPILER_FLAGS=-mcpu=cortex-a9 -mfpu=vfpv3 -mfloat-abi=hard -nostartfiles -g -Wall -Wextra"
"Running Make include in ps7_cortexa9_0/libsrc/devcfg_v3_5/src"
make -C ps7_cortexa9_0/libsrc/devcfg_v3_5/src -s include  "SHELL=CMD" "COMPILER=arm-none-eabi-gcc" "ARCHIVER=arm-none-eabi-ar" "COMPILER_FLAGS=  -O2 -c" "EXTRA_COMPILER_FLAGS=-mcpu=cortex-a9 -mfpu=vfpv3 -mfloat-abi=hard -nostartfiles -g -Wall -Wextra"
"Running Make include in ps7_cortexa9_0/libsrc/dmaps_v2_4/src"
make -C ps7_cortexa9_0/libsrc/dmaps_v2_4/src -s include  "SHELL=CMD" "COMPILER=arm-none-eabi-gcc" "ARCHIVER=arm-none-eabi-ar" "COMPILER_FLAGS=  -O2 -c" "EXTRA_COMPILER_FLAGS=-mcpu=cortex-a9 -mfpu=vfpv3 -mfloat-abi=hard -nostartfiles -g -Wall -Wextra"
"Running Make include in ps7_cortexa9_0/libsrc/gpio_v4_3/src"
make -C ps7_cortexa9_0/libsrc/gpio_v4_3/src -s include  "SHELL=CMD" "COMPILER=arm-none-eabi-gcc" "ARCHIVER=arm-none-eabi-ar" "COMPILER_FLAGS=  -O2 -c" "EXTRA_COMPILER_FLAGS=-mcpu=cortex-a9 -mfpu=vfpv3 -mfloat-abi=hard -nostartfiles -g -Wall -Wextra"
"Running Make include in ps7_cortexa9_0/libsrc/scugic_v3_10/src"
make -C ps7_cortexa9_0/libsrc/scugic_v3_10/src -s include  "SHELL=CMD" "COMPILER=arm-none-eabi-gcc" "ARCHIVER=arm-none-eabi-ar" "COMPILER_FLAGS=  -O2 -c" "EXTRA_COMPILER_FLAGS=-mcpu=cortex-a9 -mfpu=vfpv3 -mfloat-abi=hard -nostartfiles -g -Wall -Wextra"
"Running Make include in ps7_cortexa9_0/libsrc/scutimer_v2_1/src"
make -C ps7_cortexa9_0/libsrc/scutimer_v2_1/src -s include  "SHELL=CMD" "COMPILER=arm-none-eabi-gcc" "ARCHIVER=arm-none-eabi-ar" "COMPILER_FLAGS=  -O2 -c" "EXTRA_COMPILER_FLAGS=-mcpu=cortex-a9 -mfpu=vfpv3 -mfloat-abi=hard -nostartfiles -g -Wall -Wextra"
"Running Make include in ps7_cortexa9_0/libsrc/scuwdt_v2_1/src"
make -C ps7_cortexa9_0/libsrc/scuwdt_v2_1/src -s include  "SHELL=CMD" "COMPILER=arm-none-eabi-gcc" "ARCHIVER=arm-none-eabi-ar" "COMPILER_FLAGS=  -O2 -c" "EXTRA_COMPILER_FLAGS=-mcpu=cortex-a9 -mfpu=vfpv3 -mfloat-abi=hard -nostartfiles -g -Wall -Wextra"
"Running Make include in ps7_cortexa9_0/libsrc/standalone_v6_8/src"
make -C ps7_cortexa9_0/libsrc/standalone_v6_8/src -s include  "SHELL=CMD" "COMPILER=arm-none-eabi-gcc" "ARCHIVER=arm-none-eabi-ar" "COMPILER_FLAGS=  -O2 -c" "EXTRA_COMPILER_FLAGS=-mcpu=cortex-a9 -mfpu=vfpv3 -mfloat-abi=hard -nostartfiles -g -Wall -Wextra"
"Running Make include in ps7_cortexa9_0/libsrc/uartps_v3_7/src"
make -C ps7_cortexa9_0/libsrc/uartps_v3_7/src -s include  "SHELL=CMD" "COMPILER=arm-none-eabi-gcc" "ARCHIVER=arm-none-eabi-ar" "COMPILER_FLAGS=  -O2 -c" "EXTRA_COMPILER_FLAGS=-mcpu=cortex-a9 -mfpu=vfpv3 -mfloat-abi=hard -nostartfiles -g -Wall -Wextra"
"Running Make include in ps7_cortexa9_0/libsrc/xadcps_v2_3/src"
make -C ps7_cortexa9_0/libsrc/xadcps_v2_3/src -s include  "SHELL=CMD" "COMPILER=arm-none-eabi-gcc" "ARCHIVER=arm-none-eabi-ar" "COMPILER_FLAGS=  -O2 -c" "EXTRA_COMPILER_FLAGS=-mcpu=cortex-a9 -mfpu=vfpv3 -mfloat-abi=hard -nostartfiles -g -Wall -Wextra"
"Running Make libs in ps7_cortexa9_0/libsrc/coresightps_dcc_v1_4/src"
make -C ps7_cortexa9_0/libsrc/coresightps_dcc_v1_4/src -s libs  "SHELL=CMD" "COMPILER=arm-none-eabi-gcc" "ARCHIVER=arm-none-eabi-ar" "COMPILER_FLAGS=  -O2 -c" "EXTRA_COMPILER_FLAGS=-mcpu=cortex-a9 -mfpu=vfpv3 -mfloat-abi=hard -nostartfiles -g -Wall -Wextra"
"Compiling coresightps_dcc"
arm-none-eabi-ar: creating ../../../lib/libxil.a
"Running Make libs in ps7_cortexa9_0/libsrc/cpu_cortexa9_v2_7/src"
make -C ps7_cortexa9_0/libsrc/cpu_cortexa9_v2_7/src -s libs  "SHELL=CMD" "COMPILER=arm-none-eabi-gcc" "ARCHIVER=arm-none-eabi-ar" "COMPILER_FLAGS=  -O2 -c" "EXTRA_COMPILER_FLAGS=-mcpu=cortex-a9 -mfpu=vfpv3 -mfloat-abi=hard -nostartfiles -g -Wall -Wextra"
"Compiling cpu_cortexa9"
"Running Make libs in ps7_cortexa9_0/libsrc/ddrps_v1_0/src"
make -C ps7_cortexa9_0/libsrc/ddrps_v1_0/src -s libs  "SHELL=CMD" "COMPILER=arm-none-eabi-gcc" "ARCHIVER=arm-none-eabi-ar" "COMPILER_FLAGS=  -O2 -c" "EXTRA_COMPILER_FLAGS=-mcpu=cortex-a9 -mfpu=vfpv3 -mfloat-abi=hard -nostartfiles -g -Wall -Wextra"
"Compiling ddrps"
"Running Make libs in ps7_cortexa9_0/libsrc/devcfg_v3_5/src"
make -C ps7_cortexa9_0/libsrc/devcfg_v3_5/src -s libs  "SHELL=CMD" "COMPILER=arm-none-eabi-gcc" "ARCHIVER=arm-none-eabi-ar" "COMPILER_FLAGS=  -O2 -c" "EXTRA_COMPILER_FLAGS=-mcpu=cortex-a9 -mfpu=vfpv3 -mfloat-abi=hard -nostartfiles -g -Wall -Wextra"
"Compiling devcfg"
"Running Make libs in ps7_cortexa9_0/libsrc/dmaps_v2_4/src"
make -C ps7_cortexa9_0/libsrc/dmaps_v2_4/src -s libs  "SHELL=CMD" "COMPILER=arm-none-eabi-gcc" "ARCHIVER=arm-none-eabi-ar" "COMPILER_FLAGS=  -O2 -c" "EXTRA_COMPILER_FLAGS=-mcpu=cortex-a9 -mfpu=vfpv3 -mfloat-abi=hard -nostartfiles -g -Wall -Wextra"
"Compiling dmaps"
"Running Make libs in ps7_cortexa9_0/libsrc/gpio_v4_3/src"
make -C ps7_cortexa9_0/libsrc/gpio_v4_3/src -s libs  "SHELL=CMD" "COMPILER=arm-none-eabi-gcc" "ARCHIVER=arm-none-eabi-ar" "COMPILER_FLAGS=  -O2 -c" "EXTRA_COMPILER_FLAGS=-mcpu=cortex-a9 -mfpu=vfpv3 -mfloat-abi=hard -nostartfiles -g -Wall -Wextra"
"Compiling gpio"
"Running Make libs in ps7_cortexa9_0/libsrc/scugic_v3_10/src"
make -C ps7_cortexa9_0/libsrc/scugic_v3_10/src -s libs  "SHELL=CMD" "COMPILER=arm-none-eabi-gcc" "ARCHIVER=arm-none-eabi-ar" "COMPILER_FLAGS=  -O2 -c" "EXTRA_COMPILER_FLAGS=-mcpu=cortex-a9 -mfpu=vfpv3 -mfloat-abi=hard -nostartfiles -g -Wall -Wextra"
"Compiling scugic"
"Running Make libs in ps7_cortexa9_0/libsrc/scutimer_v2_1/src"
make -C ps7_cortexa9_0/libsrc/scutimer_v2_1/src -s libs  "SHELL=CMD" "COMPILER=arm-none-eabi-gcc" "ARCHIVER=arm-none-eabi-ar" "COMPILER_FLAGS=  -O2 -c" "EXTRA_COMPILER_FLAGS=-mcpu=cortex-a9 -mfpu=vfpv3 -mfloat-abi=hard -nostartfiles -g -Wall -Wextra"
"Compiling scutimer"
"Running Make libs in ps7_cortexa9_0/libsrc/scuwdt_v2_1/src"
make -C ps7_cortexa9_0/libsrc/scuwdt_v2_1/src -s libs  "SHELL=CMD" "COMPILER=arm-none-eabi-gcc" "ARCHIVER=arm-none-eabi-ar" "COMPILER_FLAGS=  -O2 -c" "EXTRA_COMPILER_FLAGS=-mcpu=cortex-a9 -mfpu=vfpv3 -mfloat-abi=hard -nostartfiles -g -Wall -Wextra"
"Compiling scuwdt"
"Running Make libs in ps7_cortexa9_0/libsrc/standalone_v6_8/src"
make -C ps7_cortexa9_0/libsrc/standalone_v6_8/src -s libs  "SHELL=CMD" "COMPILER=arm-none-eabi-gcc" "ARCHIVER=arm-none-eabi-ar" "COMPILER_FLAGS=  -O2 -c" "EXTRA_COMPILER_FLAGS=-mcpu=cortex-a9 -mfpu=vfpv3 -mfloat-abi=hard -nostartfiles -g -Wall -Wextra"
"Compiling standalone"
In file included from usleep.c:56:0:
xtime_l.h:87:9: note: #pragma message: For the sleep routines, Global timer is being used
 #pragma message ("For the sleep routines, Global timer is being used")
         ^~~~~~~
In file included from xil_sleeptimer.c:51:0:
xtime_l.h:87:9: note: #pragma message: For the sleep routines, Global timer is being used
 #pragma message ("For the sleep routines, Global timer is being used")
         ^~~~~~~
In file included from xtime_l.c:49:0:
xtime_l.h:87:9: note: #pragma message: For the sleep routines, Global timer is being used
 #pragma message ("For the sleep routines, Global timer is being used")
         ^~~~~~~
In file included from sleep.c:53:0:
xtime_l.h:87:9: note: #pragma message: For the sleep routines, Global timer is being used
 #pragma message ("For the sleep routines, Global timer is being used")
         ^~~~~~~
"Running Make libs in ps7_cortexa9_0/libsrc/uartps_v3_7/src"
make -C ps7_cortexa9_0/libsrc/uartps_v3_7/src -s libs  "SHELL=CMD" "COMPILER=arm-none-eabi-gcc" "ARCHIVER=arm-none-eabi-ar" "COMPILER_FLAGS=  -O2 -c" "EXTRA_COMPILER_FLAGS=-mcpu=cortex-a9 -mfpu=vfpv3 -mfloat-abi=hard -nostartfiles -g -Wall -Wextra"
"Compiling uartps"
"Running Make libs in ps7_cortexa9_0/libsrc/xadcps_v2_3/src"
make -C ps7_cortexa9_0/libsrc/xadcps_v2_3/src -s libs  "SHELL=CMD" "COMPILER=arm-none-eabi-gcc" "ARCHIVER=arm-none-eabi-ar" "COMPILER_FLAGS=  -O2 -c" "EXTRA_COMPILER_FLAGS=-mcpu=cortex-a9 -mfpu=vfpv3 -mfloat-abi=hard -nostartfiles -g -Wall -Wextra"
"Compiling xadcps"
'Finished building libraries'
14:40:24 **** Build of configuration Debug for project Midterm_1_App ****
make pre-build main-build 
a9-linaro-pre-build-step
' '
'Building file: ../src/midterm_1.c'
'Invoking: ARM v7 gcc compiler'
arm-none-eabi-gcc -Wall -O0 -g3 -c -fmessage-length=0 -MT"src/midterm_1.o" -mcpu=cortex-a9 -mfpu=vfpv3 -mfloat-abi=hard -I../../midterm_1_bsp_0/ps7_cortexa9_0/include -MMD -MP -MF"src/midterm_1.d" -MT"src/midterm_1.o" -o "src/midterm_1.o" "../src/midterm_1.c"
../src/midterm_1.c: In function 'main':
../src/midterm_1.c:47:4: warning: implicit declaration of function 'sleep'; did you mean 'strsep'? [-Wimplicit-function-declaration]
    sleep(1);
    ^~~~~
    strsep
'Finished building: ../src/midterm_1.c'
' '
'Building target: Midterm_1_App.elf'
'Invoking: ARM v7 gcc linker'
arm-none-eabi-gcc -mcpu=cortex-a9 -mfpu=vfpv3 -mfloat-abi=hard -Wl,-build-id=none -specs=Xilinx.spec -Wl,-T -Wl,../src/lscript.ld -L../../midterm_1_bsp_0/ps7_cortexa9_0/lib -o "Midterm_1_App.elf"  ./src/midterm_1.o   -Wl,--start-group,-lxil,-lgcc,-lc,--end-group
'Finished building target: Midterm_1_App.elf'
' '
'Invoking: ARM v7 Print Size'
arm-none-eabi-size Midterm_1_App.elf  |tee "Midterm_1_App.elf.size"
   text	   data	    bss	    dec	    hex	filename
  23640	   1200	  22584	  47424	   b940	Midterm_1_App.elf
'Finished building: Midterm_1_App.elf.size'
' '
14:41:36 **** Incremental Build of configuration Debug for project Midterm_1_App ****
make pre-build main-build 
a9-linaro-pre-build-step
' '
make: Nothing to be done for 'main-build'.
14:45:14 **** Auto Build of configuration Debug for project Midterm_1_App ****
make pre-build main-build 
a9-linaro-pre-build-step
' '
'Building file: ../src/midterm_1.c'
'Invoking: ARM v7 gcc compiler'
arm-none-eabi-gcc -Wall -O0 -g3 -c -fmessage-length=0 -MT"src/midterm_1.o" -mcpu=cortex-a9 -mfpu=vfpv3 -mfloat-abi=hard -I../../midterm_1_bsp_0/ps7_cortexa9_0/include -MMD -MP -MF"src/midterm_1.d" -MT"src/midterm_1.o" -o "src/midterm_1.o" "../src/midterm_1.c"
../src/midterm_1.c: In function 'main':
../src/midterm_1.c:45:4: warning: implicit declaration of function 'sleep'; did you mean 'strsep'? [-Wimplicit-function-declaration]
    sleep(1);
    ^~~~~
    strsep
'Finished building: ../src/midterm_1.c'
' '
'Building target: Midterm_1_App.elf'
'Invoking: ARM v7 gcc linker'
arm-none-eabi-gcc -mcpu=cortex-a9 -mfpu=vfpv3 -mfloat-abi=hard -Wl,-build-id=none -specs=Xilinx.spec -Wl,-T -Wl,../src/lscript.ld -L../../midterm_1_bsp_0/ps7_cortexa9_0/lib -o "Midterm_1_App.elf"  ./src/midterm_1.o   -Wl,--start-group,-lxil,-lgcc,-lc,--end-group
'Finished building target: Midterm_1_App.elf'
' '
'Invoking: ARM v7 Print Size'
arm-none-eabi-size Midterm_1_App.elf  |tee "Midterm_1_App.elf.size"
   text	   data	    bss	    dec	    hex	filename
  23704	   1200	  22584	  47488	   b980	Midterm_1_App.elf
'Finished building: Midterm_1_App.elf.size'
' '
14:45:18 **** Incremental Build of configuration Debug for project Midterm_1_App ****
make pre-build main-build 
a9-linaro-pre-build-step
' '
make: Nothing to be done for 'main-build'.
14:45:42 **** Incremental Build of configuration Debug for project Midterm_1_App ****
make pre-build main-build 
a9-linaro-pre-build-step
' '
make: Nothing to be done for 'main-build'.
14:54:35 **** Auto Build of configuration Debug for project Midterm_1_App ****
make pre-build main-build 
a9-linaro-pre-build-step
' '
'Building file: ../src/midterm_1.c'
'Invoking: ARM v7 gcc compiler'
arm-none-eabi-gcc -Wall -O0 -g3 -c -fmessage-length=0 -MT"src/midterm_1.o" -mcpu=cortex-a9 -mfpu=vfpv3 -mfloat-abi=hard -I../../midterm_1_bsp_0/ps7_cortexa9_0/include -MMD -MP -MF"src/midterm_1.d" -MT"src/midterm_1.o" -o "src/midterm_1.o" "../src/midterm_1.c"
../src/midterm_1.c: In function 'main':
../src/midterm_1.c:50:4: warning: implicit declaration of function 'sleep'; did you mean 'strsep'? [-Wimplicit-function-declaration]
    sleep(1);
    ^~~~~
    strsep
'Finished building: ../src/midterm_1.c'
' '
'Building target: Midterm_1_App.elf'
'Invoking: ARM v7 gcc linker'
arm-none-eabi-gcc -mcpu=cortex-a9 -mfpu=vfpv3 -mfloat-abi=hard -Wl,-build-id=none -specs=Xilinx.spec -Wl,-T -Wl,../src/lscript.ld -L../../midterm_1_bsp_0/ps7_cortexa9_0/lib -o "Midterm_1_App.elf"  ./src/midterm_1.o   -Wl,--start-group,-lxil,-lgcc,-lc,--end-group
'Finished building target: Midterm_1_App.elf'
' '
'Invoking: ARM v7 Print Size'
arm-none-eabi-size Midterm_1_App.elf  |tee "Midterm_1_App.elf.size"
   text	   data	    bss	    dec	    hex	filename
  23704	   1200	  22584	  47488	   b980	Midterm_1_App.elf
'Finished building: Midterm_1_App.elf.size'
' '
14:54:42 **** Incremental Build of configuration Debug for project Midterm_1_App ****
make pre-build main-build 
a9-linaro-pre-build-step
' '
make: Nothing to be done for 'main-build'.
14:55:15 **** Incremental Build of configuration Debug for project Midterm_1_App ****
make pre-build main-build 
a9-linaro-pre-build-step
' '
make: Nothing to be done for 'main-build'.
15:38:37 **** Auto Build of configuration Debug for project Midterm_1_App ****
make pre-build main-build 
a9-linaro-pre-build-step
' '
'Building file: ../src/midterm_1.c'
'Invoking: ARM v7 gcc compiler'
arm-none-eabi-gcc -Wall -O0 -g3 -c -fmessage-length=0 -MT"src/midterm_1.o" -mcpu=cortex-a9 -mfpu=vfpv3 -mfloat-abi=hard -I../../midterm_1_bsp_0/ps7_cortexa9_0/include -MMD -MP -MF"src/midterm_1.d" -MT"src/midterm_1.o" -o "src/midterm_1.o" "../src/midterm_1.c"
../src/midterm_1.c: In function 'main':
../src/midterm_1.c:55:4: warning: implicit declaration of function 'sleep'; did you mean 'strsep'? [-Wimplicit-function-declaration]
    sleep(1);
    ^~~~~
    strsep
'Finished building: ../src/midterm_1.c'
' '
'Building target: Midterm_1_App.elf'
'Invoking: ARM v7 gcc linker'
arm-none-eabi-gcc -mcpu=cortex-a9 -mfpu=vfpv3 -mfloat-abi=hard -Wl,-build-id=none -specs=Xilinx.spec -Wl,-T -Wl,../src/lscript.ld -L../../midterm_1_bsp_0/ps7_cortexa9_0/lib -o "Midterm_1_App.elf"  ./src/midterm_1.o   -Wl,--start-group,-lxil,-lgcc,-lc,--end-group
'Finished building target: Midterm_1_App.elf'
' '
'Invoking: ARM v7 Print Size'
arm-none-eabi-size Midterm_1_App.elf  |tee "Midterm_1_App.elf.size"
   text	   data	    bss	    dec	    hex	filename
  23768	   1200	  22584	  47552	   b9c0	Midterm_1_App.elf
'Finished building: Midterm_1_App.elf.size'
' '
15:39:55 **** Auto Build of configuration Debug for project Midterm_1_App ****
make pre-build main-build 
a9-linaro-pre-build-step
' '
'Building file: ../src/midterm_1.c'
'Invoking: ARM v7 gcc compiler'
arm-none-eabi-gcc -Wall -O0 -g3 -c -fmessage-length=0 -MT"src/midterm_1.o" -mcpu=cortex-a9 -mfpu=vfpv3 -mfloat-abi=hard -I../../midterm_1_bsp_0/ps7_cortexa9_0/include -MMD -MP -MF"src/midterm_1.d" -MT"src/midterm_1.o" -o "src/midterm_1.o" "../src/midterm_1.c"
../src/midterm_1.c: In function 'main':
../src/midterm_1.c:55:4: warning: implicit declaration of function 'sleep'; did you mean 'strsep'? [-Wimplicit-function-declaration]
    sleep(1);
    ^~~~~
    strsep
'Finished building: ../src/midterm_1.c'
' '
'Building target: Midterm_1_App.elf'
'Invoking: ARM v7 gcc linker'
arm-none-eabi-gcc -mcpu=cortex-a9 -mfpu=vfpv3 -mfloat-abi=hard -Wl,-build-id=none -specs=Xilinx.spec -Wl,-T -Wl,../src/lscript.ld -L../../midterm_1_bsp_0/ps7_cortexa9_0/lib -o "Midterm_1_App.elf"  ./src/midterm_1.o   -Wl,--start-group,-lxil,-lgcc,-lc,--end-group
'Finished building target: Midterm_1_App.elf'
' '
'Invoking: ARM v7 Print Size'
arm-none-eabi-size Midterm_1_App.elf  |tee "Midterm_1_App.elf.size"
   text	   data	    bss	    dec	    hex	filename
  23768	   1200	  22584	  47552	   b9c0	Midterm_1_App.elf
'Finished building: Midterm_1_App.elf.size'
' '
15:39:59 **** Incremental Build of configuration Debug for project Midterm_1_App ****
make pre-build main-build 
a9-linaro-pre-build-step
' '
make: Nothing to be done for 'main-build'.
15:40:21 **** Incremental Build of configuration Debug for project Midterm_1_App ****
make pre-build main-build 
a9-linaro-pre-build-step
' '
make: Nothing to be done for 'main-build'.
15:41:04 **** Auto Build of configuration Debug for project Midterm_1_App ****
make pre-build main-build 
a9-linaro-pre-build-step
' '
'Building file: ../src/midterm_1.c'
'Invoking: ARM v7 gcc compiler'
arm-none-eabi-gcc -Wall -O0 -g3 -c -fmessage-length=0 -MT"src/midterm_1.o" -mcpu=cortex-a9 -mfpu=vfpv3 -mfloat-abi=hard -I../../midterm_1_bsp_0/ps7_cortexa9_0/include -MMD -MP -MF"src/midterm_1.d" -MT"src/midterm_1.o" -o "src/midterm_1.o" "../src/midterm_1.c"
../src/midterm_1.c: In function 'main':
../src/midterm_1.c:56:4: warning: implicit declaration of function 'sleep'; did you mean 'strsep'? [-Wimplicit-function-declaration]
    sleep(1);
    ^~~~~
    strsep
'Finished building: ../src/midterm_1.c'
' '
'Building target: Midterm_1_App.elf'
'Invoking: ARM v7 gcc linker'
arm-none-eabi-gcc -mcpu=cortex-a9 -mfpu=vfpv3 -mfloat-abi=hard -Wl,-build-id=none -specs=Xilinx.spec -Wl,-T -Wl,../src/lscript.ld -L../../midterm_1_bsp_0/ps7_cortexa9_0/lib -o "Midterm_1_App.elf"  ./src/midterm_1.o   -Wl,--start-group,-lxil,-lgcc,-lc,--end-group
'Finished building target: Midterm_1_App.elf'
' '
'Invoking: ARM v7 Print Size'
arm-none-eabi-size Midterm_1_App.elf  |tee "Midterm_1_App.elf.size"
   text	   data	    bss	    dec	    hex	filename
  23768	   1200	  22584	  47552	   b9c0	Midterm_1_App.elf
'Finished building: Midterm_1_App.elf.size'
' '
15:41:08 **** Incremental Build of configuration Debug for project Midterm_1_App ****
make pre-build main-build 
a9-linaro-pre-build-step
' '
make: Nothing to be done for 'main-build'.
15:41:27 **** Incremental Build of configuration Debug for project Midterm_1_App ****
make pre-build main-build 
a9-linaro-pre-build-step
' '
make: Nothing to be done for 'main-build'.
15:43:07 **** Auto Build of configuration Debug for project Midterm_1_App ****
make pre-build main-build 
a9-linaro-pre-build-step
' '
'Building file: ../src/midterm_1.c'
'Invoking: ARM v7 gcc compiler'
arm-none-eabi-gcc -Wall -O0 -g3 -c -fmessage-length=0 -MT"src/midterm_1.o" -mcpu=cortex-a9 -mfpu=vfpv3 -mfloat-abi=hard -I../../midterm_1_bsp_0/ps7_cortexa9_0/include -MMD -MP -MF"src/midterm_1.d" -MT"src/midterm_1.o" -o "src/midterm_1.o" "../src/midterm_1.c"
../src/midterm_1.c: In function 'main':
../src/midterm_1.c:56:4: warning: implicit declaration of function 'sleep'; did you mean 'strsep'? [-Wimplicit-function-declaration]
    sleep(1);
    ^~~~~
    strsep
'Finished building: ../src/midterm_1.c'
' '
'Building target: Midterm_1_App.elf'
'Invoking: ARM v7 gcc linker'
arm-none-eabi-gcc -mcpu=cortex-a9 -mfpu=vfpv3 -mfloat-abi=hard -Wl,-build-id=none -specs=Xilinx.spec -Wl,-T -Wl,../src/lscript.ld -L../../midterm_1_bsp_0/ps7_cortexa9_0/lib -o "Midterm_1_App.elf"  ./src/midterm_1.o   -Wl,--start-group,-lxil,-lgcc,-lc,--end-group
'Finished building target: Midterm_1_App.elf'
' '
'Invoking: ARM v7 Print Size'
arm-none-eabi-size Midterm_1_App.elf  |tee "Midterm_1_App.elf.size"
   text	   data	    bss	    dec	    hex	filename
  23768	   1200	  22584	  47552	   b9c0	Midterm_1_App.elf
'Finished building: Midterm_1_App.elf.size'
' '
15:48:29 **** Incremental Build of configuration Debug for project Midterm_1_App ****
make pre-build main-build 
a9-linaro-pre-build-step
' '
make: Nothing to be done for 'main-build'.
15:48:57 **** Auto Build of configuration Debug for project Midterm_1_App ****
make pre-build main-build 
a9-linaro-pre-build-step
' '
'Building file: ../src/midterm_1.c'
'Invoking: ARM v7 gcc compiler'
arm-none-eabi-gcc -Wall -O0 -g3 -c -fmessage-length=0 -MT"src/midterm_1.o" -mcpu=cortex-a9 -mfpu=vfpv3 -mfloat-abi=hard -I../../midterm_1_bsp_0/ps7_cortexa9_0/include -MMD -MP -MF"src/midterm_1.d" -MT"src/midterm_1.o" -o "src/midterm_1.o" "../src/midterm_1.c"
../src/midterm_1.c: In function 'main':
../src/midterm_1.c:56:4: warning: implicit declaration of function 'sleep'; did you mean 'strsep'? [-Wimplicit-function-declaration]
    sleep(1);
    ^~~~~
    strsep
'Finished building: ../src/midterm_1.c'
' '
'Building target: Midterm_1_App.elf'
'Invoking: ARM v7 gcc linker'
arm-none-eabi-gcc -mcpu=cortex-a9 -mfpu=vfpv3 -mfloat-abi=hard -Wl,-build-id=none -specs=Xilinx.spec -Wl,-T -Wl,../src/lscript.ld -L../../midterm_1_bsp_0/ps7_cortexa9_0/lib -o "Midterm_1_App.elf"  ./src/midterm_1.o   -Wl,--start-group,-lxil,-lgcc,-lc,--end-group
'Finished building target: Midterm_1_App.elf'
' '
'Invoking: ARM v7 Print Size'
arm-none-eabi-size Midterm_1_App.elf  |tee "Midterm_1_App.elf.size"
   text	   data	    bss	    dec	    hex	filename
  23768	   1200	  22584	  47552	   b9c0	Midterm_1_App.elf
'Finished building: Midterm_1_App.elf.size'
' '
15:49:49 **** Incremental Build of configuration Debug for project Midterm_1_App ****
make pre-build main-build 
a9-linaro-pre-build-step
' '
make: Nothing to be done for 'main-build'.
15:50:39 **** Auto Build of configuration Debug for project Midterm_1_App ****
make pre-build main-build 
a9-linaro-pre-build-step
' '
'Building file: ../src/midterm_1.c'
'Invoking: ARM v7 gcc compiler'
arm-none-eabi-gcc -Wall -O0 -g3 -c -fmessage-length=0 -MT"src/midterm_1.o" -mcpu=cortex-a9 -mfpu=vfpv3 -mfloat-abi=hard -I../../midterm_1_bsp_0/ps7_cortexa9_0/include -MMD -MP -MF"src/midterm_1.d" -MT"src/midterm_1.o" -o "src/midterm_1.o" "../src/midterm_1.c"
../src/midterm_1.c: In function 'main':
../src/midterm_1.c:61:4: warning: implicit declaration of function 'sleep'; did you mean 'strsep'? [-Wimplicit-function-declaration]
    sleep(1);
    ^~~~~
    strsep
'Finished building: ../src/midterm_1.c'
' '
'Building target: Midterm_1_App.elf'
'Invoking: ARM v7 gcc linker'
arm-none-eabi-gcc -mcpu=cortex-a9 -mfpu=vfpv3 -mfloat-abi=hard -Wl,-build-id=none -specs=Xilinx.spec -Wl,-T -Wl,../src/lscript.ld -L../../midterm_1_bsp_0/ps7_cortexa9_0/lib -o "Midterm_1_App.elf"  ./src/midterm_1.o   -Wl,--start-group,-lxil,-lgcc,-lc,--end-group
'Finished building target: Midterm_1_App.elf'
' '
'Invoking: ARM v7 Print Size'
arm-none-eabi-size Midterm_1_App.elf  |tee "Midterm_1_App.elf.size"
   text	   data	    bss	    dec	    hex	filename
  23832	   1200	  22584	  47616	   ba00	Midterm_1_App.elf
'Finished building: Midterm_1_App.elf.size'
' '
15:50:50 **** Incremental Build of configuration Debug for project Midterm_1_App ****
make pre-build main-build 
a9-linaro-pre-build-step
' '
make: Nothing to be done for 'main-build'.
15:51:07 **** Incremental Build of configuration Debug for project Midterm_1_App ****
make pre-build main-build 
a9-linaro-pre-build-step
' '
make: Nothing to be done for 'main-build'.
15:52:02 **** Auto Build of configuration Debug for project Midterm_1_App ****
make pre-build main-build 
a9-linaro-pre-build-step
' '
'Building file: ../src/midterm_1.c'
'Invoking: ARM v7 gcc compiler'
arm-none-eabi-gcc -Wall -O0 -g3 -c -fmessage-length=0 -MT"src/midterm_1.o" -mcpu=cortex-a9 -mfpu=vfpv3 -mfloat-abi=hard -I../../midterm_1_bsp_0/ps7_cortexa9_0/include -MMD -MP -MF"src/midterm_1.d" -MT"src/midterm_1.o" -o "src/midterm_1.o" "../src/midterm_1.c"
../src/midterm_1.c: In function 'main':
../src/midterm_1.c:62:4: warning: implicit declaration of function 'sleep'; did you mean 'strsep'? [-Wimplicit-function-declaration]
    sleep(1);
    ^~~~~
    strsep
'Finished building: ../src/midterm_1.c'
' '
'Building target: Midterm_1_App.elf'
'Invoking: ARM v7 gcc linker'
arm-none-eabi-gcc -mcpu=cortex-a9 -mfpu=vfpv3 -mfloat-abi=hard -Wl,-build-id=none -specs=Xilinx.spec -Wl,-T -Wl,../src/lscript.ld -L../../midterm_1_bsp_0/ps7_cortexa9_0/lib -o "Midterm_1_App.elf"  ./src/midterm_1.o   -Wl,--start-group,-lxil,-lgcc,-lc,--end-group
'Finished building target: Midterm_1_App.elf'
' '
'Invoking: ARM v7 Print Size'
arm-none-eabi-size Midterm_1_App.elf  |tee "Midterm_1_App.elf.size"
   text	   data	    bss	    dec	    hex	filename
  23832	   1200	  22584	  47616	   ba00	Midterm_1_App.elf
'Finished building: Midterm_1_App.elf.size'
' '
15:52:19 **** Incremental Build of configuration Debug for project Midterm_1_App ****
make pre-build main-build 
a9-linaro-pre-build-step
' '
make: Nothing to be done for 'main-build'.
15:57:23 **** Auto Build of configuration Debug for project Midterm_1_App ****
make pre-build main-build 
a9-linaro-pre-build-step
' '
'Building file: ../src/midterm_1.c'
'Invoking: ARM v7 gcc compiler'
arm-none-eabi-gcc -Wall -O0 -g3 -c -fmessage-length=0 -MT"src/midterm_1.o" -mcpu=cortex-a9 -mfpu=vfpv3 -mfloat-abi=hard -I../../midterm_1_bsp_0/ps7_cortexa9_0/include -MMD -MP -MF"src/midterm_1.d" -MT"src/midterm_1.o" -o "src/midterm_1.o" "../src/midterm_1.c"
../src/midterm_1.c: In function 'main':
../src/midterm_1.c:55:4: warning: implicit declaration of function 'sleep'; did you mean 'strsep'? [-Wimplicit-function-declaration]
    sleep(1);
    ^~~~~
    strsep
'Finished building: ../src/midterm_1.c'
' '
'Building target: Midterm_1_App.elf'
'Invoking: ARM v7 gcc linker'
arm-none-eabi-gcc -mcpu=cortex-a9 -mfpu=vfpv3 -mfloat-abi=hard -Wl,-build-id=none -specs=Xilinx.spec -Wl,-T -Wl,../src/lscript.ld -L../../midterm_1_bsp_0/ps7_cortexa9_0/lib -o "Midterm_1_App.elf"  ./src/midterm_1.o   -Wl,--start-group,-lxil,-lgcc,-lc,--end-group
'Finished building target: Midterm_1_App.elf'
' '
'Invoking: ARM v7 Print Size'
arm-none-eabi-size Midterm_1_App.elf  |tee "Midterm_1_App.elf.size"
   text	   data	    bss	    dec	    hex	filename
  23832	   1200	  22584	  47616	   ba00	Midterm_1_App.elf
'Finished building: Midterm_1_App.elf.size'
' '
15:57:27 **** Incremental Build of configuration Debug for project Midterm_1_App ****
make pre-build main-build 
a9-linaro-pre-build-step
' '
make: Nothing to be done for 'main-build'.
15:57:45 **** Incremental Build of configuration Debug for project Midterm_1_App ****
make pre-build main-build 
a9-linaro-pre-build-step
' '
make: Nothing to be done for 'main-build'.
15:58:26 **** Auto Build of configuration Debug for project Midterm_1_App ****
make pre-build main-build 
a9-linaro-pre-build-step
' '
'Building file: ../src/midterm_1.c'
'Invoking: ARM v7 gcc compiler'
arm-none-eabi-gcc -Wall -O0 -g3 -c -fmessage-length=0 -MT"src/midterm_1.o" -mcpu=cortex-a9 -mfpu=vfpv3 -mfloat-abi=hard -I../../midterm_1_bsp_0/ps7_cortexa9_0/include -MMD -MP -MF"src/midterm_1.d" -MT"src/midterm_1.o" -o "src/midterm_1.o" "../src/midterm_1.c"
[...]
'Finished building: Midterm_1_App.elf.size'
' '
23:52:29 **** Incremental Build of configuration Debug for project Midterm_1_App ****
make pre-build main-build 
a9-linaro-pre-build-step
' '
make: Nothing to be done for 'main-build'.
23:53:22 **** Auto Build of configuration Debug for project Midterm_1_App ****
make pre-build main-build 
a9-linaro-pre-build-step
' '
'Building file: ../src/midterm_1.c'
'Invoking: ARM v7 gcc compiler'
arm-none-eabi-gcc -Wall -O0 -g3 -c -fmessage-length=0 -MT"src/midterm_1.o" -mcpu=cortex-a9 -mfpu=vfpv3 -mfloat-abi=hard -I../../midterm_1_bsp_0/ps7_cortexa9_0/include -MMD -MP -MF"src/midterm_1.d" -MT"src/midterm_1.o" -o "src/midterm_1.o" "../src/midterm_1.c"
../src/midterm_1.c: In function 'main':
../src/midterm_1.c:90:3: warning: implicit declaration of function 'sleep'; did you mean 'strsep'? [-Wimplicit-function-declaration]
   sleep(1);
   ^~~~~
   strsep
'Finished building: ../src/midterm_1.c'
' '
'Building target: Midterm_1_App.elf'
'Invoking: ARM v7 gcc linker'
arm-none-eabi-gcc -mcpu=cortex-a9 -mfpu=vfpv3 -mfloat-abi=hard -Wl,-build-id=none -specs=Xilinx.spec -Wl,-T -Wl,../src/lscript.ld -L../../midterm_1_bsp_0/ps7_cortexa9_0/lib -o "Midterm_1_App.elf"  ./src/midterm_1.o   -Wl,--start-group,-lxil,-lgcc,-lc,--end-group
'Finished building target: Midterm_1_App.elf'
' '
'Invoking: ARM v7 Print Size'
arm-none-eabi-size Midterm_1_App.elf  |tee "Midterm_1_App.elf.size"
   text	   data	    bss	    dec	    hex	filename
  24024	   1200	  22584	  47808	   bac0	Midterm_1_App.elf
'Finished building: Midterm_1_App.elf.size'
' '
23:54:19 **** Auto Build of configuration Debug for project Midterm_1_App ****
make pre-build main-build 
a9-linaro-pre-build-step
' '
'Building file: ../src/midterm_1.c'
'Invoking: ARM v7 gcc compiler'
arm-none-eabi-gcc -Wall -O0 -g3 -c -fmessage-length=0 -MT"src/midterm_1.o" -mcpu=cortex-a9 -mfpu=vfpv3 -mfloat-abi=hard -I../../midterm_1_bsp_0/ps7_cortexa9_0/include -MMD -MP -MF"src/midterm_1.d" -MT"src/midterm_1.o" -o "src/midterm_1.o" "../src/midterm_1.c"
../src/midterm_1.c: In function 'main':
../src/midterm_1.c:108:3: warning: implicit declaration of function 'sleep'; did you mean 'strsep'? [-Wimplicit-function-declaration]
   sleep(1);
   ^~~~~
   strsep
'Finished building: ../src/midterm_1.c'
' '
'Building target: Midterm_1_App.elf'
'Invoking: ARM v7 gcc linker'
arm-none-eabi-gcc -mcpu=cortex-a9 -mfpu=vfpv3 -mfloat-abi=hard -Wl,-build-id=none -specs=Xilinx.spec -Wl,-T -Wl,../src/lscript.ld -L../../midterm_1_bsp_0/ps7_cortexa9_0/lib -o "Midterm_1_App.elf"  ./src/midterm_1.o   -Wl,--start-group,-lxil,-lgcc,-lc,--end-group
'Finished building target: Midterm_1_App.elf'
' '
'Invoking: ARM v7 Print Size'
arm-none-eabi-size Midterm_1_App.elf  |tee "Midterm_1_App.elf.size"
   text	   data	    bss	    dec	    hex	filename
  24280	   1200	  22584	  48064	   bbc0	Midterm_1_App.elf
'Finished building: Midterm_1_App.elf.size'
' '
23:54:28 **** Auto Build of configuration Debug for project Midterm_1_App ****
make pre-build main-build 
a9-linaro-pre-build-step
' '
'Building file: ../src/midterm_1.c'
'Invoking: ARM v7 gcc compiler'
arm-none-eabi-gcc -Wall -O0 -g3 -c -fmessage-length=0 -MT"src/midterm_1.o" -mcpu=cortex-a9 -mfpu=vfpv3 -mfloat-abi=hard -I../../midterm_1_bsp_0/ps7_cortexa9_0/include -MMD -MP -MF"src/midterm_1.d" -MT"src/midterm_1.o" -o "src/midterm_1.o" "../src/midterm_1.c"
../src/midterm_1.c: In function 'main':
../src/midterm_1.c:108:3: warning: implicit declaration of function 'sleep'; did you mean 'strsep'? [-Wimplicit-function-declaration]
   sleep(1);
   ^~~~~
   strsep
'Finished building: ../src/midterm_1.c'
' '
'Building target: Midterm_1_App.elf'
'Invoking: ARM v7 gcc linker'
arm-none-eabi-gcc -mcpu=cortex-a9 -mfpu=vfpv3 -mfloat-abi=hard -Wl,-build-id=none -specs=Xilinx.spec -Wl,-T -Wl,../src/lscript.ld -L../../midterm_1_bsp_0/ps7_cortexa9_0/lib -o "Midterm_1_App.elf"  ./src/midterm_1.o   -Wl,--start-group,-lxil,-lgcc,-lc,--end-group
'Finished building target: Midterm_1_App.elf'
' '
'Invoking: ARM v7 Print Size'
arm-none-eabi-size Midterm_1_App.elf  |tee "Midterm_1_App.elf.size"
   text	   data	    bss	    dec	    hex	filename
  24280	   1200	  22584	  48064	   bbc0	Midterm_1_App.elf
'Finished building: Midterm_1_App.elf.size'
' '
23:55:18 **** Auto Build of configuration Debug for project Midterm_1_App ****
make pre-build main-build 
a9-linaro-pre-build-step
' '
'Building file: ../src/midterm_1.c'
'Invoking: ARM v7 gcc compiler'
arm-none-eabi-gcc -Wall -O0 -g3 -c -fmessage-length=0 -MT"src/midterm_1.o" -mcpu=cortex-a9 -mfpu=vfpv3 -mfloat-abi=hard -I../../midterm_1_bsp_0/ps7_cortexa9_0/include -MMD -MP -MF"src/midterm_1.d" -MT"src/midterm_1.o" -o "src/midterm_1.o" "../src/midterm_1.c"
../src/midterm_1.c: In function 'main':
../src/midterm_1.c:108:3: warning: implicit declaration of function 'sleep'; did you mean 'strsep'? [-Wimplicit-function-declaration]
   sleep(1);
   ^~~~~
   strsep
'Finished building: ../src/midterm_1.c'
' '
'Building target: Midterm_1_App.elf'
'Invoking: ARM v7 gcc linker'
arm-none-eabi-gcc -mcpu=cortex-a9 -mfpu=vfpv3 -mfloat-abi=hard -Wl,-build-id=none -specs=Xilinx.spec -Wl,-T -Wl,../src/lscript.ld -L../../midterm_1_bsp_0/ps7_cortexa9_0/lib -o "Midterm_1_App.elf"  ./src/midterm_1.o   -Wl,--start-group,-lxil,-lgcc,-lc,--end-group
'Finished building target: Midterm_1_App.elf'
' '
'Invoking: ARM v7 Print Size'
arm-none-eabi-size Midterm_1_App.elf  |tee "Midterm_1_App.elf.size"
   text	   data	    bss	    dec	    hex	filename
  24444	   1200	  22584	  48228	   bc64	Midterm_1_App.elf
'Finished building: Midterm_1_App.elf.size'
' '
23:55:34 **** Incremental Build of configuration Debug for project Midterm_1_App ****
make pre-build main-build 
a9-linaro-pre-build-step
' '
make: Nothing to be done for 'main-build'.
23:57:36 **** Auto Build of configuration Debug for project Midterm_1_App ****
make pre-build main-build 
a9-linaro-pre-build-step
' '
'Building file: ../src/midterm_1.c'
'Invoking: ARM v7 gcc compiler'
arm-none-eabi-gcc -Wall -O0 -g3 -c -fmessage-length=0 -MT"src/midterm_1.o" -mcpu=cortex-a9 -mfpu=vfpv3 -mfloat-abi=hard -I../../midterm_1_bsp_0/ps7_cortexa9_0/include -MMD -MP -MF"src/midterm_1.d" -MT"src/midterm_1.o" -o "src/midterm_1.o" "../src/midterm_1.c"
../src/midterm_1.c: In function 'main':
../src/midterm_1.c:108:3: warning: implicit declaration of function 'sleep'; did you mean 'strsep'? [-Wimplicit-function-declaration]
   sleep(1);
   ^~~~~
   strsep
'Finished building: ../src/midterm_1.c'
' '
'Building target: Midterm_1_App.elf'
'Invoking: ARM v7 gcc linker'
arm-none-eabi-gcc -mcpu=cortex-a9 -mfpu=vfpv3 -mfloat-abi=hard -Wl,-build-id=none -specs=Xilinx.spec -Wl,-T -Wl,../src/lscript.ld -L../../midterm_1_bsp_0/ps7_cortexa9_0/lib -o "Midterm_1_App.elf"  ./src/midterm_1.o   -Wl,--start-group,-lxil,-lgcc,-lc,--end-group
'Finished building target: Midterm_1_App.elf'
' '
'Invoking: ARM v7 Print Size'
arm-none-eabi-size Midterm_1_App.elf  |tee "Midterm_1_App.elf.size"
   text	   data	    bss	    dec	    hex	filename
  24508	   1200	  22584	  48292	   bca4	Midterm_1_App.elf
'Finished building: Midterm_1_App.elf.size'
' '
23:58:04 **** Auto Build of configuration Debug for project Midterm_1_App ****
make pre-build main-build 
a9-linaro-pre-build-step
' '
'Building file: ../src/midterm_1.c'
'Invoking: ARM v7 gcc compiler'
arm-none-eabi-gcc -Wall -O0 -g3 -c -fmessage-length=0 -MT"src/midterm_1.o" -mcpu=cortex-a9 -mfpu=vfpv3 -mfloat-abi=hard -I../../midterm_1_bsp_0/ps7_cortexa9_0/include -MMD -MP -MF"src/midterm_1.d" -MT"src/midterm_1.o" -o "src/midterm_1.o" "../src/midterm_1.c"
../src/midterm_1.c: In function 'main':
../src/midterm_1.c:108:3: warning: implicit declaration of function 'sleep'; did you mean 'strsep'? [-Wimplicit-function-declaration]
   sleep(1);
   ^~~~~
   strsep
'Finished building: ../src/midterm_1.c'
' '
'Building target: Midterm_1_App.elf'
'Invoking: ARM v7 gcc linker'
arm-none-eabi-gcc -mcpu=cortex-a9 -mfpu=vfpv3 -mfloat-abi=hard -Wl,-build-id=none -specs=Xilinx.spec -Wl,-T -Wl,../src/lscript.ld -L../../midterm_1_bsp_0/ps7_cortexa9_0/lib -o "Midterm_1_App.elf"  ./src/midterm_1.o   -Wl,--start-group,-lxil,-lgcc,-lc,--end-group
'Finished building target: Midterm_1_App.elf'
' '
'Invoking: ARM v7 Print Size'
arm-none-eabi-size Midterm_1_App.elf  |tee "Midterm_1_App.elf.size"
   text	   data	    bss	    dec	    hex	filename
  24508	   1200	  22584	  48292	   bca4	Midterm_1_App.elf
'Finished building: Midterm_1_App.elf.size'
' '
23:58:16 **** Incremental Build of configuration Debug for project Midterm_1_App ****
make pre-build main-build 
a9-linaro-pre-build-step
' '
make: Nothing to be done for 'main-build'.
23:59:19 **** Auto Build of configuration Debug for project Midterm_1_App ****
make pre-build main-build 
a9-linaro-pre-build-step
' '
'Building file: ../src/midterm_1.c'
'Invoking: ARM v7 gcc compiler'
arm-none-eabi-gcc -Wall -O0 -g3 -c -fmessage-length=0 -MT"src/midterm_1.o" -mcpu=cortex-a9 -mfpu=vfpv3 -mfloat-abi=hard -I../../midterm_1_bsp_0/ps7_cortexa9_0/include -MMD -MP -MF"src/midterm_1.d" -MT"src/midterm_1.o" -o "src/midterm_1.o" "../src/midterm_1.c"
../src/midterm_1.c: In function 'main':
../src/midterm_1.c:98:3: warning: implicit declaration of function 'sleep'; did you mean 'strsep'? [-Wimplicit-function-declaration]
   sleep(1);
   ^~~~~
   strsep
'Finished building: ../src/midterm_1.c'
' '
'Building target: Midterm_1_App.elf'
'Invoking: ARM v7 gcc linker'
arm-none-eabi-gcc -mcpu=cortex-a9 -mfpu=vfpv3 -mfloat-abi=hard -Wl,-build-id=none -specs=Xilinx.spec -Wl,-T -Wl,../src/lscript.ld -L../../midterm_1_bsp_0/ps7_cortexa9_0/lib -o "Midterm_1_App.elf"  ./src/midterm_1.o   -Wl,--start-group,-lxil,-lgcc,-lc,--end-group
'Finished building target: Midterm_1_App.elf'
' '
'Invoking: ARM v7 Print Size'
arm-none-eabi-size Midterm_1_App.elf  |tee "Midterm_1_App.elf.size"
   text	   data	    bss	    dec	    hex	filename
  24444	   1200	  22584	  48228	   bc64	Midterm_1_App.elf
'Finished building: Midterm_1_App.elf.size'
' '
23:59:38 **** Incremental Build of configuration Debug for project Midterm_1_App ****
make pre-build main-build 
a9-linaro-pre-build-step
' '
make: Nothing to be done for 'main-build'.
00:01:09 **** Auto Build of configuration Debug for project Midterm_1_App ****
make pre-build main-build 
a9-linaro-pre-build-step
' '
'Building file: ../src/midterm_1.c'
'Invoking: ARM v7 gcc compiler'
arm-none-eabi-gcc -Wall -O0 -g3 -c -fmessage-length=0 -MT"src/midterm_1.o" -mcpu=cortex-a9 -mfpu=vfpv3 -mfloat-abi=hard -I../../midterm_1_bsp_0/ps7_cortexa9_0/include -MMD -MP -MF"src/midterm_1.d" -MT"src/midterm_1.o" -o "src/midterm_1.o" "../src/midterm_1.c"
../src/midterm_1.c: In function 'main':
../src/midterm_1.c:97:3: warning: implicit declaration of function 'sleep'; did you mean 'strsep'? [-Wimplicit-function-declaration]
   sleep(1);
   ^~~~~
   strsep
'Finished building: ../src/midterm_1.c'
' '
'Building target: Midterm_1_App.elf'
'Invoking: ARM v7 gcc linker'
arm-none-eabi-gcc -mcpu=cortex-a9 -mfpu=vfpv3 -mfloat-abi=hard -Wl,-build-id=none -specs=Xilinx.spec -Wl,-T -Wl,../src/lscript.ld -L../../midterm_1_bsp_0/ps7_cortexa9_0/lib -o "Midterm_1_App.elf"  ./src/midterm_1.o   -Wl,--start-group,-lxil,-lgcc,-lc,--end-group
'Finished building target: Midterm_1_App.elf'
' '
'Invoking: ARM v7 Print Size'
arm-none-eabi-size Midterm_1_App.elf  |tee "Midterm_1_App.elf.size"
   text	   data	    bss	    dec	    hex	filename
  24508	   1200	  22584	  48292	   bca4	Midterm_1_App.elf
'Finished building: Midterm_1_App.elf.size'
' '
00:01:25 **** Incremental Build of configuration Debug for project Midterm_1_App ****
make pre-build main-build 
a9-linaro-pre-build-step
' '
make: Nothing to be done for 'main-build'.
00:01:53 **** Auto Build of configuration Debug for project Midterm_1_App ****
make pre-build main-build 
a9-linaro-pre-build-step
' '
'Building file: ../src/midterm_1.c'
'Invoking: ARM v7 gcc compiler'
arm-none-eabi-gcc -Wall -O0 -g3 -c -fmessage-length=0 -MT"src/midterm_1.o" -mcpu=cortex-a9 -mfpu=vfpv3 -mfloat-abi=hard -I../../midterm_1_bsp_0/ps7_cortexa9_0/include -MMD -MP -MF"src/midterm_1.d" -MT"src/midterm_1.o" -o "src/midterm_1.o" "../src/midterm_1.c"
../src/midterm_1.c: In function 'main':
../src/midterm_1.c:95:3: warning: implicit declaration of function 'sleep'; did you mean 'strsep'? [-Wimplicit-function-declaration]
   sleep(1);
   ^~~~~
   strsep
'Finished building: ../src/midterm_1.c'
' '
'Building target: Midterm_1_App.elf'
'Invoking: ARM v7 gcc linker'
arm-none-eabi-gcc -mcpu=cortex-a9 -mfpu=vfpv3 -mfloat-abi=hard -Wl,-build-id=none -specs=Xilinx.spec -Wl,-T -Wl,../src/lscript.ld -L../../midterm_1_bsp_0/ps7_cortexa9_0/lib -o "Midterm_1_App.elf"  ./src/midterm_1.o   -Wl,--start-group,-lxil,-lgcc,-lc,--end-group
'Finished building target: Midterm_1_App.elf'
' '
'Invoking: ARM v7 Print Size'
arm-none-eabi-size Midterm_1_App.elf  |tee "Midterm_1_App.elf.size"
   text	   data	    bss	    dec	    hex	filename
  24444	   1200	  22584	  48228	   bc64	Midterm_1_App.elf
'Finished building: Midterm_1_App.elf.size'
' '
00:02:12 **** Auto Build of configuration Debug for project Midterm_1_App ****
make pre-build main-build 
a9-linaro-pre-build-step
' '
'Building file: ../src/midterm_1.c'
'Invoking: ARM v7 gcc compiler'
arm-none-eabi-gcc -Wall -O0 -g3 -c -fmessage-length=0 -MT"src/midterm_1.o" -mcpu=cortex-a9 -mfpu=vfpv3 -mfloat-abi=hard -I../../midterm_1_bsp_0/ps7_cortexa9_0/include -MMD -MP -MF"src/midterm_1.d" -MT"src/midterm_1.o" -o "src/midterm_1.o" "../src/midterm_1.c"
../src/midterm_1.c: In function 'main':
../src/midterm_1.c:96:3: warning: implicit declaration of function 'sleep'; did you mean 'strsep'? [-Wimplicit-function-declaration]
   sleep(1);
   ^~~~~
   strsep
'Finished building: ../src/midterm_1.c'
' '
'Building target: Midterm_1_App.elf'
'Invoking: ARM v7 gcc linker'
arm-none-eabi-gcc -mcpu=cortex-a9 -mfpu=vfpv3 -mfloat-abi=hard -Wl,-build-id=none -specs=Xilinx.spec -Wl,-T -Wl,../src/lscript.ld -L../../midterm_1_bsp_0/ps7_cortexa9_0/lib -o "Midterm_1_App.elf"  ./src/midterm_1.o   -Wl,--start-group,-lxil,-lgcc,-lc,--end-group
'Finished building target: Midterm_1_App.elf'
' '
'Invoking: ARM v7 Print Size'
arm-none-eabi-size Midterm_1_App.elf  |tee "Midterm_1_App.elf.size"
   text	   data	    bss	    dec	    hex	filename
  24444	   1200	  22584	  48228	   bc64	Midterm_1_App.elf
'Finished building: Midterm_1_App.elf.size'
' '
00:02:22 **** Auto Build of configuration Debug for project Midterm_1_App ****
make pre-build main-build 
a9-linaro-pre-build-step
' '
'Building file: ../src/midterm_1.c'
'Invoking: ARM v7 gcc compiler'
arm-none-eabi-gcc -Wall -O0 -g3 -c -fmessage-length=0 -MT"src/midterm_1.o" -mcpu=cortex-a9 -mfpu=vfpv3 -mfloat-abi=hard -I../../midterm_1_bsp_0/ps7_cortexa9_0/include -MMD -MP -MF"src/midterm_1.d" -MT"src/midterm_1.o" -o "src/midterm_1.o" "../src/midterm_1.c"
../src/midterm_1.c: In function 'main':
../src/midterm_1.c:97:3: warning: implicit declaration of function 'sleep'; did you mean 'strsep'? [-Wimplicit-function-declaration]
   sleep(1);
   ^~~~~
   strsep
'Finished building: ../src/midterm_1.c'
' '
'Building target: Midterm_1_App.elf'
'Invoking: ARM v7 gcc linker'
arm-none-eabi-gcc -mcpu=cortex-a9 -mfpu=vfpv3 -mfloat-abi=hard -Wl,-build-id=none -specs=Xilinx.spec -Wl,-T -Wl,../src/lscript.ld -L../../midterm_1_bsp_0/ps7_cortexa9_0/lib -o "Midterm_1_App.elf"  ./src/midterm_1.o   -Wl,--start-group,-lxil,-lgcc,-lc,--end-group
'Finished building target: Midterm_1_App.elf'
' '
'Invoking: ARM v7 Print Size'
arm-none-eabi-size Midterm_1_App.elf  |tee "Midterm_1_App.elf.size"
   text	   data	    bss	    dec	    hex	filename
  24444	   1200	  22584	  48228	   bc64	Midterm_1_App.elf
'Finished building: Midterm_1_App.elf.size'
' '
00:02:38 **** Auto Build of configuration Debug for project Midterm_1_App ****
make pre-build main-build 
a9-linaro-pre-build-step
' '
'Building file: ../src/midterm_1.c'
'Invoking: ARM v7 gcc compiler'
arm-none-eabi-gcc -Wall -O0 -g3 -c -fmessage-length=0 -MT"src/midterm_1.o" -mcpu=cortex-a9 -mfpu=vfpv3 -mfloat-abi=hard -I../../midterm_1_bsp_0/ps7_cortexa9_0/include -MMD -MP -MF"src/midterm_1.d" -MT"src/midterm_1.o" -o "src/midterm_1.o" "../src/midterm_1.c"
../src/midterm_1.c: In function 'main':
../src/midterm_1.c:95:3: warning: implicit declaration of function 'sleep'; did you mean 'strsep'? [-Wimplicit-function-declaration]
   sleep(1);
   ^~~~~
   strsep
'Finished building: ../src/midterm_1.c'
' '
'Building target: Midterm_1_App.elf'
'Invoking: ARM v7 gcc linker'
arm-none-eabi-gcc -mcpu=cortex-a9 -mfpu=vfpv3 -mfloat-abi=hard -Wl,-build-id=none -specs=Xilinx.spec -Wl,-T -Wl,../src/lscript.ld -L../../midterm_1_bsp_0/ps7_cortexa9_0/lib -o "Midterm_1_App.elf"  ./src/midterm_1.o   -Wl,--start-group,-lxil,-lgcc,-lc,--end-group
'Finished building target: Midterm_1_App.elf'
' '
'Invoking: ARM v7 Print Size'
arm-none-eabi-size Midterm_1_App.elf  |tee "Midterm_1_App.elf.size"
   text	   data	    bss	    dec	    hex	filename
  24444	   1200	  22584	  48228	   bc64	Midterm_1_App.elf
'Finished building: Midterm_1_App.elf.size'
' '
00:03:49 **** Auto Build of configuration Debug for project Midterm_1_App ****
make pre-build main-build 
a9-linaro-pre-build-step
' '
'Building file: ../src/midterm_1.c'
'Invoking: ARM v7 gcc compiler'
arm-none-eabi-gcc -Wall -O0 -g3 -c -fmessage-length=0 -MT"src/midterm_1.o" -mcpu=cortex-a9 -mfpu=vfpv3 -mfloat-abi=hard -I../../midterm_1_bsp_0/ps7_cortexa9_0/include -MMD -MP -MF"src/midterm_1.d" -MT"src/midterm_1.o" -o "src/midterm_1.o" "../src/midterm_1.c"
../src/midterm_1.c: In function 'main':
../src/midterm_1.c:96:3: warning: implicit declaration of function 'sleep'; did you mean 'strsep'? [-Wimplicit-function-declaration]
   sleep(1);
   ^~~~~
   strsep
'Finished building: ../src/midterm_1.c'
' '
'Building target: Midterm_1_App.elf'
'Invoking: ARM v7 gcc linker'
arm-none-eabi-gcc -mcpu=cortex-a9 -mfpu=vfpv3 -mfloat-abi=hard -Wl,-build-id=none -specs=Xilinx.spec -Wl,-T -Wl,../src/lscript.ld -L../../midterm_1_bsp_0/ps7_cortexa9_0/lib -o "Midterm_1_App.elf"  ./src/midterm_1.o   -Wl,--start-group,-lxil,-lgcc,-lc,--end-group
'Finished building target: Midterm_1_App.elf'
' '
'Invoking: ARM v7 Print Size'
arm-none-eabi-size Midterm_1_App.elf  |tee "Midterm_1_App.elf.size"
   text	   data	    bss	    dec	    hex	filename
  24444	   1200	  22584	  48228	   bc64	Midterm_1_App.elf
'Finished building: Midterm_1_App.elf.size'
' '
00:03:57 **** Auto Build of configuration Debug for project Midterm_1_App ****
make pre-build main-build 
a9-linaro-pre-build-step
' '
'Building file: ../src/midterm_1.c'
'Invoking: ARM v7 gcc compiler'
arm-none-eabi-gcc -Wall -O0 -g3 -c -fmessage-length=0 -MT"src/midterm_1.o" -mcpu=cortex-a9 -mfpu=vfpv3 -mfloat-abi=hard -I../../midterm_1_bsp_0/ps7_cortexa9_0/include -MMD -MP -MF"src/midterm_1.d" -MT"src/midterm_1.o" -o "src/midterm_1.o" "../src/midterm_1.c"
../src/midterm_1.c: In function 'main':
../src/midterm_1.c:96:3: warning: implicit declaration of function 'sleep'; did you mean 'strsep'? [-Wimplicit-function-declaration]
   sleep(1);
   ^~~~~
   strsep
'Finished building: ../src/midterm_1.c'
' '
'Building target: Midterm_1_App.elf'
'Invoking: ARM v7 gcc linker'
arm-none-eabi-gcc -mcpu=cortex-a9 -mfpu=vfpv3 -mfloat-abi=hard -Wl,-build-id=none -specs=Xilinx.spec -Wl,-T -Wl,../src/lscript.ld -L../../midterm_1_bsp_0/ps7_cortexa9_0/lib -o "Midterm_1_App.elf"  ./src/midterm_1.o   -Wl,--start-group,-lxil,-lgcc,-lc,--end-group
'Finished building target: Midterm_1_App.elf'
' '
'Invoking: ARM v7 Print Size'
arm-none-eabi-size Midterm_1_App.elf  |tee "Midterm_1_App.elf.size"
   text	   data	    bss	    dec	    hex	filename
  24444	   1200	  22584	  48228	   bc64	Midterm_1_App.elf
'Finished building: Midterm_1_App.elf.size'
' '
00:05:13 **** Incremental Build of configuration Debug for project Midterm_1_App ****
make pre-build main-build 
a9-linaro-pre-build-step
' '
make: Nothing to be done for 'main-build'.
