22:59:24 **** Auto Build of configuration Debug for project project_3 ****
make pre-build main-build 
a9-linaro-pre-build-step
' '
'Building file: ../src/system.c'
'Invoking: ARM v7 gcc compiler'
arm-none-eabi-gcc -Wall -O0 -g3 -c -fmessage-length=0 -MT"src/system.o" -mcpu=cortex-a9 -mfpu=vfpv3 -mfloat-abi=hard -I../../standalone_bsp_0/ps7_cortexa9_0/include -MMD -MP -MF"src/system.d" -MT"src/system.o" -o "src/system.o" "../src/system.c"
'Finished building: ../src/system.c'
' '
'Building target: project_3.elf'
'Invoking: ARM v7 gcc linker'
arm-none-eabi-gcc -mcpu=cortex-a9 -mfpu=vfpv3 -mfloat-abi=hard -Wl,-build-id=none -specs=Xilinx.spec -Wl,-T -Wl,../src/lscript.ld -L../../standalone_bsp_0/ps7_cortexa9_0/lib -o "project_3.elf"  ./src/system.o   -Wl,--start-group,-lxil,-lgcc,-lc,--end-group
'Finished building target: project_3.elf'
' '
'Invoking: ARM v7 Print Size'
arm-none-eabi-size project_3.elf  |tee "project_3.elf.size"
   text	   data	    bss	    dec	    hex	filename
  23492	   1184	  22584	  47260	   b89c	project_3.elf
'Finished building: project_3.elf.size'
' '

22:59:28 Build Finished (took 4s.136ms)

